Component: ARM Compiler 5.06 update 6 (build 750) Tool: armlink [4d35ed]

==============================================================================

Section Cross References

    startup_stm32f40xx.o(RESET) refers to startup_stm32f40xx.o(STACK) for __initial_sp
    startup_stm32f40xx.o(RESET) refers to startup_stm32f40xx.o(.text) for Reset_Handler
    startup_stm32f40xx.o(RESET) refers to stm32f4xx_it.o(i.NMI_Handler) for NMI_Handler
    startup_stm32f40xx.o(RESET) refers to stm32f4xx_it.o(i.HardFault_Handler) for HardFault_Handler
    startup_stm32f40xx.o(RESET) refers to stm32f4xx_it.o(i.MemManage_Handler) for MemManage_Handler
    startup_stm32f40xx.o(RESET) refers to stm32f4xx_it.o(i.BusFault_Handler) for BusFault_Handler
    startup_stm32f40xx.o(RESET) refers to stm32f4xx_it.o(i.UsageFault_Handler) for UsageFault_Handler
    startup_stm32f40xx.o(RESET) refers to stm32f4xx_it.o(i.SVC_Handler) for SVC_Handler
    startup_stm32f40xx.o(RESET) refers to stm32f4xx_it.o(i.DebugMon_Handler) for DebugMon_Handler
    startup_stm32f40xx.o(RESET) refers to stm32f4xx_it.o(i.PendSV_Handler) for PendSV_Handler
    startup_stm32f40xx.o(RESET) refers to stm32f4xx_it.o(i.SysTick_Handler) for SysTick_Handler
    startup_stm32f40xx.o(RESET) refers to exti.o(i.DMA1_Stream3_IRQHandler) for DMA1_Stream3_IRQHandler
    startup_stm32f40xx.o(RESET) refers to exti.o(i.EXTI9_5_IRQHandler) for EXTI9_5_IRQHandler
    startup_stm32f40xx.o(RESET) refers to tim.o(i.TIM2_IRQHandler) for TIM2_IRQHandler
    startup_stm32f40xx.o(RESET) refers to tim.o(i.TIM3_IRQHandler) for TIM3_IRQHandler
    startup_stm32f40xx.o(RESET) refers to uart.o(i.USART3_IRQHandler) for USART3_IRQHandler
    startup_stm32f40xx.o(RESET) refers to tim.o(i.TIM5_IRQHandler) for TIM5_IRQHandler
    startup_stm32f40xx.o(.text) refers to system_stm32f4xx.o(i.SystemInit) for SystemInit
    startup_stm32f40xx.o(.text) refers to entry.o(.ARM.Collect$$$$00000000) for __main
    system_stm32f4xx.o(i.SystemCoreClockUpdate) refers to system_stm32f4xx.o(.data) for SystemCoreClock
    system_stm32f4xx.o(i.SystemInit) refers to system_stm32f4xx.o(i.SetSysClock) for SetSysClock
    stm32f4xx_dma2d.o(i.DMA2D_DeInit) refers to stm32f4xx_rcc.o(i.RCC_AHB1PeriphResetCmd) for RCC_AHB1PeriphResetCmd
    stm32f4xx_flash.o(i.FLASH_EraseAllBank1Sectors) refers to stm32f4xx_flash.o(i.FLASH_WaitForLastOperation) for FLASH_WaitForLastOperation
    stm32f4xx_flash.o(i.FLASH_EraseAllBank2Sectors) refers to stm32f4xx_flash.o(i.FLASH_WaitForLastOperation) for FLASH_WaitForLastOperation
    stm32f4xx_flash.o(i.FLASH_EraseAllSectors) refers to stm32f4xx_flash.o(i.FLASH_WaitForLastOperation) for FLASH_WaitForLastOperation
    stm32f4xx_flash.o(i.FLASH_EraseSector) refers to stm32f4xx_flash.o(i.FLASH_WaitForLastOperation) for FLASH_WaitForLastOperation
    stm32f4xx_flash.o(i.FLASH_OB_Launch) refers to stm32f4xx_flash.o(i.FLASH_WaitForLastOperation) for FLASH_WaitForLastOperation
    stm32f4xx_flash.o(i.FLASH_OB_PCROP1Config) refers to stm32f4xx_flash.o(i.FLASH_WaitForLastOperation) for FLASH_WaitForLastOperation
    stm32f4xx_flash.o(i.FLASH_OB_PCROPConfig) refers to stm32f4xx_flash.o(i.FLASH_WaitForLastOperation) for FLASH_WaitForLastOperation
    stm32f4xx_flash.o(i.FLASH_OB_RDPConfig) refers to stm32f4xx_flash.o(i.FLASH_WaitForLastOperation) for FLASH_WaitForLastOperation
    stm32f4xx_flash.o(i.FLASH_OB_UserConfig) refers to stm32f4xx_flash.o(i.FLASH_WaitForLastOperation) for FLASH_WaitForLastOperation
    stm32f4xx_flash.o(i.FLASH_OB_WRP1Config) refers to stm32f4xx_flash.o(i.FLASH_WaitForLastOperation) for FLASH_WaitForLastOperation
    stm32f4xx_flash.o(i.FLASH_OB_WRPConfig) refers to stm32f4xx_flash.o(i.FLASH_WaitForLastOperation) for FLASH_WaitForLastOperation
    stm32f4xx_flash.o(i.FLASH_ProgramByte) refers to stm32f4xx_flash.o(i.FLASH_WaitForLastOperation) for FLASH_WaitForLastOperation
    stm32f4xx_flash.o(i.FLASH_ProgramDoubleWord) refers to stm32f4xx_flash.o(i.FLASH_WaitForLastOperation) for FLASH_WaitForLastOperation
    stm32f4xx_flash.o(i.FLASH_ProgramHalfWord) refers to stm32f4xx_flash.o(i.FLASH_WaitForLastOperation) for FLASH_WaitForLastOperation
    stm32f4xx_flash.o(i.FLASH_ProgramWord) refers to stm32f4xx_flash.o(i.FLASH_WaitForLastOperation) for FLASH_WaitForLastOperation
    stm32f4xx_flash.o(i.FLASH_WaitForLastOperation) refers to stm32f4xx_flash.o(i.FLASH_GetStatus) for FLASH_GetStatus
    stm32f4xx_gpio.o(i.GPIO_DeInit) refers to stm32f4xx_rcc.o(i.RCC_AHB1PeriphResetCmd) for RCC_AHB1PeriphResetCmd
    stm32f4xx_rcc.o(i.RCC_GetClocksFreq) refers to stm32f4xx_rcc.o(.data) for APBAHBPrescTable
    stm32f4xx_rcc.o(i.RCC_WaitForHSEStartUp) refers to stm32f4xx_rcc.o(i.RCC_GetFlagStatus) for RCC_GetFlagStatus
    stm32f4xx_spi.o(i.SPI_I2S_DeInit) refers to stm32f4xx_rcc.o(i.RCC_APB2PeriphResetCmd) for RCC_APB2PeriphResetCmd
[...]
    _printf_s                                0x00000000   Number         0  stubs.o ABSOLUTE
    _printf_sizespec                         0x00000000   Number         0  stubs.o ABSOLUTE
    _printf_str                              0x00000000   Number         0  stubs.o ABSOLUTE
    _printf_truncate_signed                  0x00000000   Number         0  stubs.o ABSOLUTE
    _printf_truncate_unsigned                0x00000000   Number         0  stubs.o ABSOLUTE
    _printf_u                                0x00000000   Number         0  stubs.o ABSOLUTE
    _printf_wc                               0x00000000   Number         0  stubs.o ABSOLUTE
    _printf_wctomb                           0x00000000   Number         0  stubs.o ABSOLUTE
    _printf_widthprec                        0x00000000   Number         0  stubs.o ABSOLUTE
    _printf_x                                0x00000000   Number         0  stubs.o ABSOLUTE
    __cpp_initialize__aeabi_                  - Undefined Weak Reference
    __cxa_finalize                            - Undefined Weak Reference
    _clock_init                               - Undefined Weak Reference
    _microlib_exit                            - Undefined Weak Reference
    __Vectors_Size                           0x00000188   Number         0  startup_stm32f40xx.o ABSOLUTE
    __Vectors                                0x08020000   Data           4  startup_stm32f40xx.o(RESET)
    __Vectors_End                            0x08020188   Data           0  startup_stm32f40xx.o(RESET)
    arm_bitreversal_32                       0x08020189   Thumb Code   106  arm_bitreversal2.o(. text)
    arm_bitreversal_16                       0x080201f3   Thumb Code    86  arm_bitreversal2.o(. text)
    __main                                   0x08020249   Thumb Code     0  entry.o(.ARM.Collect$$$$00000000)
    _main_stk                                0x08020249   Thumb Code     0  entry2.o(.ARM.Collect$$$$00000001)
    _main_scatterload                        0x0802024d   Thumb Code     0  entry5.o(.ARM.Collect$$$$00000004)
    __main_after_scatterload                 0x08020251   Thumb Code     0  entry5.o(.ARM.Collect$$$$00000004)
    _main_clock                              0x08020251   Thumb Code     0  entry7b.o(.ARM.Collect$$$$00000008)
    _main_cpp_init                           0x08020251   Thumb Code     0  entry8b.o(.ARM.Collect$$$$0000000A)
    _main_init                               0x08020251   Thumb Code     0  entry9a.o(.ARM.Collect$$$$0000000B)
    __rt_final_cpp                           0x08020259   Thumb Code     0  entry10a.o(.ARM.Collect$$$$0000000D)
    __rt_final_exit                          0x08020259   Thumb Code     0  entry11a.o(.ARM.Collect$$$$0000000F)
    Reset_Handler                            0x0802025d   Thumb Code     8  startup_stm32f40xx.o(.text)
    ADC_IRQHandler                           0x08020277   Thumb Code     0  startup_stm32f40xx.o(.text)
    CAN1_RX0_IRQHandler                      0x08020277   Thumb Code     0  startup_stm32f40xx.o(.text)
    CAN1_RX1_IRQHandler                      0x08020277   Thumb Code     0  startup_stm32f40xx.o(.text)
    CAN1_SCE_IRQHandler                      0x08020277   Thumb Code     0  startup_stm32f40xx.o(.text)
    CAN1_TX_IRQHandler                       0x08020277   Thumb Code     0  startup_stm32f40xx.o(.text)
    CAN2_RX0_IRQHandler                      0x08020277   Thumb Code     0  startup_stm32f40xx.o(.text)
    CAN2_RX1_IRQHandler                      0x08020277   Thumb Code     0  startup_stm32f40xx.o(.text)
    CAN2_SCE_IRQHandler                      0x08020277   Thumb Code     0  startup_stm32f40xx.o(.text)
    CAN2_TX_IRQHandler                       0x08020277   Thumb Code     0  startup_stm32f40xx.o(.text)
    CRYP_IRQHandler                          0x08020277   Thumb Code     0  startup_stm32f40xx.o(.text)
    DCMI_IRQHandler                          0x08020277   Thumb Code     0  startup_stm32f40xx.o(.text)
    DMA1_Stream0_IRQHandler                  0x08020277   Thumb Code     0  startup_stm32f40xx.o(.text)
    DMA1_Stream1_IRQHandler                  0x08020277   Thumb Code     0  startup_stm32f40xx.o(.text)
    DMA1_Stream2_IRQHandler                  0x08020277   Thumb Code     0  startup_stm32f40xx.o(.text)
    DMA1_Stream4_IRQHandler                  0x08020277   Thumb Code     0  startup_stm32f40xx.o(.text)
    DMA1_Stream5_IRQHandler                  0x08020277   Thumb Code     0  startup_stm32f40xx.o(.text)
    DMA1_Stream6_IRQHandler                  0x08020277   Thumb Code     0  startup_stm32f40xx.o(.text)
    DMA1_Stream7_IRQHandler                  0x08020277   Thumb Code     0  startup_stm32f40xx.o(.text)
    DMA2_Stream0_IRQHandler                  0x08020277   Thumb Code     0  startup_stm32f40xx.o(.text)
    DMA2_Stream1_IRQHandler                  0x08020277   Thumb Code     0  startup_stm32f40xx.o(.text)
    DMA2_Stream2_IRQHandler                  0x08020277   Thumb Code     0  startup_stm32f40xx.o(.text)
    DMA2_Stream3_IRQHandler                  0x08020277   Thumb Code     0  startup_stm32f40xx.o(.text)
    DMA2_Stream4_IRQHandler                  0x08020277   Thumb Code     0  startup_stm32f40xx.o(.text)
    DMA2_Stream5_IRQHandler                  0x08020277   Thumb Code     0  startup_stm32f40xx.o(.text)
    DMA2_Stream6_IRQHandler                  0x08020277   Thumb Code     0  startup_stm32f40xx.o(.text)
    DMA2_Stream7_IRQHandler                  0x08020277   Thumb Code     0  startup_stm32f40xx.o(.text)
    ETH_IRQHandler                           0x08020277   Thumb Code     0  startup_stm32f40xx.o(.text)
    ETH_WKUP_IRQHandler                      0x08020277   Thumb Code     0  startup_stm32f40xx.o(.text)
    EXTI0_IRQHandler                         0x08020277   Thumb Code     0  startup_stm32f40xx.o(.text)
    EXTI15_10_IRQHandler                     0x08020277   Thumb Code     0  startup_stm32f40xx.o(.text)
    EXTI1_IRQHandler                         0x08020277   Thumb Code     0  startup_stm32f40xx.o(.text)
    EXTI2_IRQHandler                         0x08020277   Thumb Code     0  startup_stm32f40xx.o(.text)
    EXTI3_IRQHandler                         0x08020277   Thumb Code     0  startup_stm32f40xx.o(.text)
    EXTI4_IRQHandler                         0x08020277   Thumb Code     0  startup_stm32f40xx.o(.text)
    FLASH_IRQHandler                         0x08020277   Thumb Code     0  startup_stm32f40xx.o(.text)
    FPU_IRQHandler                           0x08020277   Thumb Code     0  startup_stm32f40xx.o(.text)
    FSMC_IRQHandler                          0x08020277   Thumb Code     0  startup_stm32f40xx.o(.text)
    HASH_RNG_IRQHandler                      0x08020277   Thumb Code     0  startup_stm32f40xx.o(.text)
    I2C1_ER_IRQHandler                       0x08020277   Thumb Code     0  startup_stm32f40xx.o(.text)
    I2C1_EV_IRQHandler                       0x08020277   Thumb Code     0  startup_stm32f40xx.o(.text)
    I2C2_ER_IRQHandler                       0x08020277   Thumb Code     0  startup_stm32f40xx.o(.text)
    I2C2_EV_IRQHandler                       0x08020277   Thumb Code     0  startup_stm32f40xx.o(.text)
    I2C3_ER_IRQHandler                       0x08020277   Thumb Code     0  startup_stm32f40xx.o(.text)
    I2C3_EV_IRQHandler                       0x08020277   Thumb Code     0  startup_stm32f40xx.o(.text)
    OTG_FS_IRQHandler                        0x08020277   Thumb Code     0  startup_stm32f40xx.o(.text)
    OTG_FS_WKUP_IRQHandler                   0x08020277   Thumb Code     0  startup_stm32f40xx.o(.text)
    OTG_HS_EP1_IN_IRQHandler                 0x08020277   Thumb Code     0  startup_stm32f40xx.o(.text)
    OTG_HS_EP1_OUT_IRQHandler                0x08020277   Thumb Code     0  startup_stm32f40xx.o(.text)
    OTG_HS_IRQHandler                        0x08020277   Thumb Code     0  startup_stm32f40xx.o(.text)
    OTG_HS_WKUP_IRQHandler                   0x08020277   Thumb Code     0  startup_stm32f40xx.o(.text)
    PVD_IRQHandler                           0x08020277   Thumb Code     0  startup_stm32f40xx.o(.text)
    RCC_IRQHandler                           0x08020277   Thumb Code     0  startup_stm32f40xx.o(.text)
    RTC_Alarm_IRQHandler                     0x08020277   Thumb Code     0  startup_stm32f40xx.o(.text)
    RTC_WKUP_IRQHandler                      0x08020277   Thumb Code     0  startup_stm32f40xx.o(.text)
    SDIO_IRQHandler                          0x08020277   Thumb Code     0  startup_stm32f40xx.o(.text)
    SPI1_IRQHandler                          0x08020277   Thumb Code     0  startup_stm32f40xx.o(.text)
    SPI2_IRQHandler                          0x08020277   Thumb Code     0  startup_stm32f40xx.o(.text)
    SPI3_IRQHandler                          0x08020277   Thumb Code     0  startup_stm32f40xx.o(.text)
    TAMP_STAMP_IRQHandler                    0x08020277   Thumb Code     0  startup_stm32f40xx.o(.text)
    TIM1_BRK_TIM9_IRQHandler                 0x08020277   Thumb Code     0  startup_stm32f40xx.o(.text)
    TIM1_CC_IRQHandler                       0x08020277   Thumb Code     0  startup_stm32f40xx.o(.text)
    TIM1_TRG_COM_TIM11_IRQHandler            0x08020277   Thumb Code     0  startup_stm32f40xx.o(.text)
    TIM1_UP_TIM10_IRQHandler                 0x08020277   Thumb Code     0  startup_stm32f40xx.o(.text)
    TIM4_IRQHandler                          0x08020277   Thumb Code     0  startup_stm32f40xx.o(.text)
    TIM6_DAC_IRQHandler                      0x08020277   Thumb Code     0  startup_stm32f40xx.o(.text)
    TIM7_IRQHandler                          0x08020277   Thumb Code     0  startup_stm32f40xx.o(.text)
    TIM8_BRK_TIM12_IRQHandler                0x08020277   Thumb Code     0  startup_stm32f40xx.o(.text)
    TIM8_CC_IRQHandler                       0x08020277   Thumb Code     0  startup_stm32f40xx.o(.text)
    TIM8_TRG_COM_TIM14_IRQHandler            0x08020277   Thumb Code     0  startup_stm32f40xx.o(.text)
    TIM8_UP_TIM13_IRQHandler                 0x08020277   Thumb Code     0  startup_stm32f40xx.o(.text)
    UART4_IRQHandler                         0x08020277   Thumb Code     0  startup_stm32f40xx.o(.text)
    UART5_IRQHandler                         0x08020277   Thumb Code     0  startup_stm32f40xx.o(.text)
    USART1_IRQHandler                        0x08020277   Thumb Code     0  startup_stm32f40xx.o(.text)
    USART2_IRQHandler                        0x08020277   Thumb Code     0  startup_stm32f40xx.o(.text)
    USART6_IRQHandler                        0x08020277   Thumb Code     0  startup_stm32f40xx.o(.text)
    WWDG_IRQHandler                          0x08020277   Thumb Code     0  startup_stm32f40xx.o(.text)
    stage_rfft_f32                           0x08020281   Thumb Code   168  arm_rfft_fast_f32.o(.text)
    merge_rfft_f32                           0x08020329   Thumb Code   168  arm_rfft_fast_f32.o(.text)
    arm_rfft_fast_f32                        0x080203d1   Thumb Code    66  arm_rfft_fast_f32.o(.text)
    arm_rfft_fast_init_f32                   0x08020415   Thumb Code   198  arm_rfft_fast_init_f32.o(.text)
    arm_max_f32                              0x0802053d   Thumb Code   216  arm_max_f32.o(.text)
    arm_cfft_radix8by2_f32                   0x08020615   Thumb Code   398  arm_cfft_f32.o(.text)
    arm_cfft_radix8by4_f32                   0x080207a3   Thumb Code  1098  arm_cfft_f32.o(.text)
    arm_cfft_f32                             0x08020bed   Thumb Code   330  arm_cfft_f32.o(.text)
    arm_radix8_butterfly_f32                 0x08020d39   Thumb Code  1244  arm_cfft_radix8_f32.o(.text)
    __aeabi_memcpy                           0x08021215   Thumb Code    36  memcpya.o(.text)
    __aeabi_memcpy4                          0x08021215   Thumb Code     0  memcpya.o(.text)
    __aeabi_memcpy8                          0x08021215   Thumb Code     0  memcpya.o(.text)
    __aeabi_memset                           0x08021239   Thumb Code    14  memseta.o(.text)
    __aeabi_memset4                          0x08021239   Thumb Code     0  memseta.o(.text)
    __aeabi_memset8                          0x08021239   Thumb Code     0  memseta.o(.text)
    __aeabi_memclr                           0x08021247   Thumb Code     4  memseta.o(.text)
    __aeabi_memclr4                          0x08021247   Thumb Code     0  memseta.o(.text)
    __aeabi_memclr8                          0x08021247   Thumb Code     0  memseta.o(.text)
    _memset$wrapper                          0x0802124b   Thumb Code    18  memseta.o(.text)
    strcat                                   0x0802125d   Thumb Code    24  strcat.o(.text)
    strstr                                   0x08021275   Thumb Code    36  strstr.o(.text)
    strncpy                                  0x08021299   Thumb Code    24  strncpy.o(.text)
    strchr                                   0x080212b1   Thumb Code    20  strchr.o(.text)
    strlen                                   0x080212c5   Thumb Code    14  strlen.o(.text)
    strcmp                                   0x080212d3   Thumb Code    28  strcmp.o(.text)
    strcpy                                   0x080212ef   Thumb Code    18  strcpy.o(.text)
    strncmp                                  0x08021301   Thumb Code    30  strncmp.o(.text)
    strtok                                   0x08021321   Thumb Code    62  strtok.o(.text)
    __aeabi_f2d                              0x08021365   Thumb Code    38  f2d.o(.text)
    __aeabi_d2f                              0x0802138b   Thumb Code    56  d2f.o(.text)
    __aeabi_uldivmod                         0x080213c3   Thumb Code    98  uldiv.o(.text)
    __strtod_int                             0x0802145b   Thumb Code    90  strtod.o(.text)
    __I$use$fp                               0x080214c1   Thumb Code     0  iusefp.o(.text)
    _float_round                             0x080214c1   Thumb Code    18  fepilogue.o(.text)
    _float_epilogue                          0x080214d3   Thumb Code    92  fepilogue.o(.text)
    __aeabi_dmul                             0x0802152f   Thumb Code   228  dmul.o(.text)
    __aeabi_ddiv                             0x08021613   Thumb Code   222  ddiv.o(.text)
    __scatterload                            0x080216f1   Thumb Code    28  init.o(.text)
    __scatterload_rt2                        0x080216f1   Thumb Code     0  init.o(.text)
    __aeabi_llsl                             0x08021715   Thumb Code    30  llshl.o(.text)
    _ll_shift_l                              0x08021715   Thumb Code     0  llshl.o(.text)
    __aeabi_llsr                             0x08021733   Thumb Code    32  llushr.o(.text)
    _ll_ushift_r                             0x08021733   Thumb Code     0  llushr.o(.text)
    isspace                                  0x08021753   Thumb Code    10  isspace_c.o(.text)
    _scanf_real                              0x08021885   Thumb Code     0  scanf_fp.o(.text)
    _scanf_really_real                       0x08021885   Thumb Code   556  scanf_fp.o(.text)
    _sgetc                                   0x08021abd   Thumb Code    30  _sgetc.o(.text)
    _sbackspace                              0x08021adb   Thumb Code    34  _sgetc.o(.text)
    _double_round                            0x08021afd   Thumb Code    30  depilogue.o(.text)
    _double_epilogue                         0x08021b1b   Thumb Code   156  depilogue.o(.text)
    __ctype_lookup                           0x08021bb9   Thumb Code    34  ctype_c.o(.text)
    __aeabi_ul2d                             0x08021be1   Thumb Code    24  dfltul.o(.text)
    __decompress                             0x08021bf9   Thumb Code     0  __dczerorl2.o(.text)
    __decompress1                            0x08021bf9   Thumb Code    86  __dczerorl2.o(.text)
    ADC_Cmd                                  0x08021c4f   Thumb Code    22  stm32f4xx_adc.o(i.ADC_Cmd)
    ADC_CommonInit                           0x08021c65   Thumb Code    34  stm32f4xx_adc.o(i.ADC_CommonInit)
    ADC_GetConversionValue                   0x08021c95   Thumb Code     8  stm32f4xx_adc.o(i.ADC_GetConversionValue)
    ADC_GetFlagStatus                        0x08021c9d   Thumb Code    18  stm32f4xx_adc.o(i.ADC_GetFlagStatus)
    ADC_Init                                 0x08021cb1   Thumb Code    74  stm32f4xx_adc.o(i.ADC_Init)
    ADC_Init_Config                          0x08021d05   Thumb Code   104  adc.o(i.ADC_Init_Config)
    ADC_RegularChannelConfig                 0x08021d75   Thumb Code   184  stm32f4xx_adc.o(i.ADC_RegularChannelConfig)
    ADC_SoftwareStartConv                    0x08021e2d   Thumb Code    10  stm32f4xx_adc.o(i.ADC_SoftwareStartConv)
    ADC_StructInit                           0x08021e37   Thumb Code    20  stm32f4xx_adc.o(i.ADC_StructInit)
    AT24C02_Init                             0x08021e4d   Thumb Code    72  at24c02.o(i.AT24C02_Init)
    AT24C02_ReadByte                         0x08021e99   Thumb Code    72  at24c02.o(i.AT24C02_ReadByte)
    AT24C02_WriteByte                        0x08021ee1   Thumb Code    64  at24c02.o(i.AT24C02_WriteByte)
    AudioStart                               0x08021f21   Thumb Code    14  cs5340.o(i.AudioStart)
    AudioStop                                0x08021f39   Thumb Code    12  cs5340.o(i.AudioStop)
    BusFault_Handler                         0x08021f69   Thumb Code     4  stm32f4xx_it.o(i.BusFault_Handler)
    CS5340_Initialize                        0x08021f85   Thumb Code   176  cs5340.o(i.CS5340_Initialize)
    CS5340_ResetPinConfig                    0x08022041   Thumb Code    46  cs5340.o(i.CS5340_ResetPinConfig)
    CheckAT24C02                             0x08022075   Thumb Code    32  at24c02.o(i.CheckAT24C02)
    Clear_I2S_FIFO                           0x080220a9   Thumb Code    28  iis.o(i.Clear_I2S_FIFO)
    Config_DMA_I2S                           0x080220c9   Thumb Code    92  iis.o(i.Config_DMA_I2S)
    DMA1_Stream3_IRQHandler                  0x0802212d   Thumb Code    82  exti.o(i.DMA1_Stream3_IRQHandler)
    DMA_ClearFlag                            0x08022199   Thumb Code    38  stm32f4xx_dma.o(i.DMA_ClearFlag)
    DMA_ClearITPendingBit                    0x080221cd   Thumb Code    38  stm32f4xx_dma.o(i.DMA_ClearITPendingBit)
    DMA_Cmd                                  0x08022201   Thumb Code    22  stm32f4xx_dma.o(i.DMA_Cmd)
    DMA_DeInit                               0x08022219   Thumb Code   324  stm32f4xx_dma.o(i.DMA_DeInit)
    DMA_GetFlagStatus                        0x08022371   Thumb Code    54  stm32f4xx_dma.o(i.DMA_GetFlagStatus)
    DMA_GetITStatus                          0x080223b5   Thumb Code    82  stm32f4xx_dma.o(i.DMA_GetITStatus)
    DMA_ITConfig                             0x08022419   Thumb Code    58  stm32f4xx_dma.o(i.DMA_ITConfig)
    DMA_Init                                 0x08022455   Thumb Code    82  stm32f4xx_dma.o(i.DMA_Init)
    DebugMon_Handler                         0x080224ad   Thumb Code     2  stm32f4xx_it.o(i.DebugMon_Handler)
    Delay_Initialize                         0x080224b1   Thumb Code    32  delay.o(i.Delay_Initialize)
    Delay_ms                                 0x080224d9   Thumb Code    56  delay.o(i.Delay_ms)
    Delay_us                                 0x08022561   Thumb Code    74  delay.o(i.Delay_us)
    Detect_Signal                            0x080225b5   Thumb Code   460  signal_process.o(i.Detect_Signal)
    EXTI9_5_IRQHandler                       0x08022799   Thumb Code   136  exti.o(i.EXTI9_5_IRQHandler)
    EXTI_ClearITPendingBit                   0x0802284d   Thumb Code     6  stm32f4xx_exti.o(i.EXTI_ClearITPendingBit)
    EXTI_GetITStatus                         0x08022859   Thumb Code    20  stm32f4xx_exti.o(i.EXTI_GetITStatus)
    EXTI_Init                                0x08022871   Thumb Code   142  stm32f4xx_exti.o(i.EXTI_Init)
    GAIN_GPIO_Init                           0x08022b99   Thumb Code    84  gain.o(i.GAIN_GPIO_Init)
    GPIO_EXTI9_Init                          0x08022bf1   Thumb Code    82  exti.o(i.GPIO_EXTI9_Init)
    GPIO_Init                                0x08022c49   Thumb Code   144  stm32f4xx_gpio.o(i.GPIO_Init)
    GPIO_PinAFConfig                         0x08022cd9   Thumb Code    70  stm32f4xx_gpio.o(i.GPIO_PinAFConfig)
    GPIO_ReadInputDataBit                    0x08022d1f   Thumb Code    18  stm32f4xx_gpio.o(i.GPIO_ReadInputDataBit)
    GPIO_ResetBits                           0x08022d31   Thumb Code     4  stm32f4xx_gpio.o(i.GPIO_ResetBits)
    GPIO_SetBits                             0x08022d35   Thumb Code     4  stm32f4xx_gpio.o(i.GPIO_SetBits)
    GPIO_WriteBit                            0x08022d39   Thumb Code    10  stm32f4xx_gpio.o(i.GPIO_WriteBit)
    GetCRC16                                 0x08022d43   Thumb Code    64  cmd.o(i.GetCRC16)
    Get_Adc                                  0x08022d85   Thumb Code    70  adc.o(i.Get_Adc)
    Get_Adc_Average                          0x08022dd9   Thumb Code    90  adc.o(i.Get_Adc_Average)
    HardFault_Handler                        0x08022e39   Thumb Code     4  stm32f4xx_it.o(i.HardFault_Handler)
    I2S_Cmd                                  0x08022e3d   Thumb Code    24  stm32f4xx_spi.o(i.I2S_Cmd)
    I2S_Config                               0x08022e55   Thumb Code   198  iis.o(i.I2S_Config)
    I2S_Init                                 0x08022f2d   Thumb Code   396  stm32f4xx_spi.o(i.I2S_Init)
    IWDG_Enable                              0x080230c5   Thumb Code    10  stm32f4xx_iwdg.o(i.IWDG_Enable)
    IWDG_Feed                                0x080230d5   Thumb Code     8  iwdg.o(i.IWDG_Feed)
    IWDG_ReloadCounter                       0x080230dd   Thumb Code    10  stm32f4xx_iwdg.o(i.IWDG_ReloadCounter)
    IWDG_SetPrescaler                        0x080230ed   Thumb Code     6  stm32f4xx_iwdg.o(i.IWDG_SetPrescaler)
    IWDG_SetReload                           0x080230f9   Thumb Code     6  stm32f4xx_iwdg.o(i.IWDG_SetReload)
    IWDG_WriteAccessCmd                      0x08023105   Thumb Code     6  stm32f4xx_iwdg.o(i.IWDG_WriteAccessCmd)
    LaunchWatchDog                           0x08023111   Thumb Code    36  iwdg.o(i.LaunchWatchDog)
    MemManage_Handler                        0x08023135   Thumb Code     4  stm32f4xx_it.o(i.MemManage_Handler)
    NMI_Handler                              0x08023139   Thumb Code     2  stm32f4xx_it.o(i.NMI_Handler)
    NReplyAckSignal                          0x0802313d   Thumb Code    68  at24c02.o(i.NReplyAckSignal)
    NVIC_Init                                0x080231d1   Thumb Code   106  misc.o(i.NVIC_Init)
    NVIC_PriorityGroupConfig                 0x08023249   Thumb Code    10  misc.o(i.NVIC_PriorityGroupConfig)
    NVIC_SetVectorTable                      0x0802325d   Thumb Code    12  misc.o(i.NVIC_SetVectorTable)
    ParseCmd                                 0x08023271   Thumb Code   430  cmd.o(i.ParseCmd)
    ParseCmd_P2                              0x08023421   Thumb Code  1220  cmd.o(i.ParseCmd_P2)
    ParseCmd_P2_Start                        0x08023921   Thumb Code   210  cmd.o(i.ParseCmd_P2_Start)
    Pcm2Vol_RemoveDC                         0x080239fd   Thumb Code   156  signal_process.o(i.Pcm2Vol_RemoveDC)
    PendSV_Handler                           0x08023a9d   Thumb Code     2  stm32f4xx_it.o(i.PendSV_Handler)
    Protocol_Init                            0x08023aa1   Thumb Code   128  cmd.o(i.Protocol_Init)
    RCC_AHB1PeriphClockCmd                   0x08023b2d   Thumb Code    26  stm32f4xx_rcc.o(i.RCC_AHB1PeriphClockCmd)
    RCC_APB1PeriphClockCmd                   0x08023b4d   Thumb Code    26  stm32f4xx_rcc.o(i.RCC_APB1PeriphClockCmd)
    RCC_APB1PeriphResetCmd                   0x08023b6d   Thumb Code    26  stm32f4xx_rcc.o(i.RCC_APB1PeriphResetCmd)
    RCC_APB2PeriphClockCmd                   0x08023b8d   Thumb Code    26  stm32f4xx_rcc.o(i.RCC_APB2PeriphClockCmd)
    RCC_APB2PeriphResetCmd                   0x08023bad   Thumb Code    26  stm32f4xx_rcc.o(i.RCC_APB2PeriphResetCmd)
    RCC_GetClocksFreq                        0x08023bcd   Thumb Code   214  stm32f4xx_rcc.o(i.RCC_GetClocksFreq)
    RCC_GetFlagStatus                        0x08023cb5   Thumb Code    60  stm32f4xx_rcc.o(i.RCC_GetFlagStatus)
    RCC_I2SCLKConfig                         0x08023cf5   Thumb Code     6  stm32f4xx_rcc.o(i.RCC_I2SCLKConfig)
    RCC_PLLI2SCmd                            0x08023d01   Thumb Code     6  stm32f4xx_rcc.o(i.RCC_PLLI2SCmd)
    RCC_PLLI2SConfig                         0x08023d0d   Thumb Code    12  stm32f4xx_rcc.o(i.RCC_PLLI2SConfig)
    Read4Byte                                0x08023d1d   Thumb Code     6  cmd.o(i.Read4Byte)
    ReadInfo                                 0x08023d23   Thumb Code    36  at24c02.o(i.ReadInfo)
    Receive1Byte                             0x08023d49   Thumb Code    92  at24c02.o(i.Receive1Byte)
    ReplyAckSignal                           0x08023da9   Thumb Code    68  at24c02.o(i.ReplyAckSignal)
    SDA_InputMode                            0x08023df1   Thumb Code    20  at24c02.o(i.SDA_InputMode)
    SDA_OutputMode                           0x08023e09   Thumb Code    24  at24c02.o(i.SDA_OutputMode)
    SPI_Cmd                                  0x08023e25   Thumb Code    24  stm32f4xx_spi.o(i.SPI_Cmd)
    SPI_I2S_DMACmd                           0x08023e3d   Thumb Code    18  stm32f4xx_spi.o(i.SPI_I2S_DMACmd)
    SPI_I2S_DeInit                           0x08023e51   Thumb Code   152  stm32f4xx_spi.o(i.SPI_I2S_DeInit)
    SPI_I2S_GetFlagStatus                    0x08023f01   Thumb Code    18  stm32f4xx_spi.o(i.SPI_I2S_GetFlagStatus)
    SPI_I2S_ReceiveData                      0x08023f13   Thumb Code     6  stm32f4xx_spi.o(i.SPI_I2S_ReceiveData)
    SPI_Init                                 0x08023f19   Thumb Code    60  stm32f4xx_spi.o(i.SPI_Init)
    STM_EVAL_LEDInit                         0x08023f55   Thumb Code    62  stm324x7i_eval.o(i.STM_EVAL_LEDInit)
    STM_EVAL_LEDOff                          0x08023fa1   Thumb Code    16  stm324x7i_eval.o(i.STM_EVAL_LEDOff)
    STM_EVAL_LEDOn                           0x08023fb9   Thumb Code    16  stm324x7i_eval.o(i.STM_EVAL_LEDOn)
    STM_EVAL_LEDToggle                       0x08023fd1   Thumb Code    26  stm324x7i_eval.o(i.STM_EVAL_LEDToggle)
    SVC_Handler                              0x08023ff5   Thumb Code     2  stm32f4xx_it.o(i.SVC_Handler)
    SYSCFG_EXTILineConfig                    0x08023ff9   Thumb Code    60  stm32f4xx_syscfg.o(i.SYSCFG_EXTILineConfig)
    Send1Byte                                0x08024039   Thumb Code   108  at24c02.o(i.Send1Byte)
    Set_Gain                                 0x080241a1   Thumb Code    48  gain.o(i.Set_Gain)
    StartSignal                              0x080241d5   Thumb Code    68  at24c02.o(i.StartSignal)
    StopSignal                               0x0802421d   Thumb Code    68  at24c02.o(i.StopSignal)
    Stop_DMA_I2S                             0x08024265   Thumb Code    44  iis.o(i.Stop_DMA_I2S)
    SysTick_Handler                          0x080242a1   Thumb Code     2  stm32f4xx_it.o(i.SysTick_Handler)
    SystemInit                               0x080242a5   Thumb Code    88  system_stm32f4xx.o(i.SystemInit)
    TIM2_IRQHandler                          0x0802430d   Thumb Code    30  tim.o(i.TIM2_IRQHandler)
    TIM3_IRQHandler                          0x08024331   Thumb Code    34  tim.o(i.TIM3_IRQHandler)
    TIM5_IRQHandler                          0x08024359   Thumb Code    28  tim.o(i.TIM5_IRQHandler)
    TIM5_Init                                0x0802437d   Thumb Code   100  tim.o(i.TIM5_Init)
    TIM_ClearITPendingBit                    0x080243e5   Thumb Code     6  stm32f4xx_tim.o(i.TIM_ClearITPendingBit)
    TIM_Cmd                                  0x080243eb   Thumb Code    24  stm32f4xx_tim.o(i.TIM_Cmd)
    TIM_DeInit                               0x08024405   Thumb Code   346  stm32f4xx_tim.o(i.TIM_DeInit)
    TIM_GetITStatus                          0x08024595   Thumb Code    34  stm32f4xx_tim.o(i.TIM_GetITStatus)
    TIM_ITConfig                             0x080245b7   Thumb Code    18  stm32f4xx_tim.o(i.TIM_ITConfig)
    TIM_START_Config                         0x080245c9   Thumb Code    94  tim.o(i.TIM_START_Config)
    TIM_TimeBaseInit                         0x08024629   Thumb Code   104  stm32f4xx_tim.o(i.TIM_TimeBaseInit)
    Timer3_Start                             0x080246ad   Thumb Code   124  tim.o(i.Timer3_Start)
    UART3_Init                               0x0802472d   Thumb Code   128  uart.o(i.UART3_Init)
    USART3_IRQHandler                        0x080247b5   Thumb Code   540  uart.o(i.USART3_IRQHandler)
    USART_Cmd                                0x080249fd   Thumb Code    24  stm32f4xx_usart.o(i.USART_Cmd)
    USART_GetITStatus                        0x08024a15   Thumb Code    84  stm32f4xx_usart.o(i.USART_GetITStatus)
    USART_ITConfig                           0x08024a69   Thumb Code    74  stm32f4xx_usart.o(i.USART_ITConfig)
    USART_Init                               0x08024ab5   Thumb Code   204  stm32f4xx_usart.o(i.USART_Init)
    USART_ReceiveData                        0x08024b89   Thumb Code    10  stm32f4xx_usart.o(i.USART_ReceiveData)
    UsageFault_Handler                       0x08024b93   Thumb Code     4  stm32f4xx_it.o(i.UsageFault_Handler)
    W5500_Init                               0x08024ba9   Thumb Code    52  net_conf.o(i.W5500_Init)
    W5500_Init_reset                         0x08024c05   Thumb Code    52  net_conf.o(i.W5500_Init_reset)
    W5500_Init_start                         0x08024c61   Thumb Code    52  net_conf.o(i.W5500_Init_start)
    W5500_Reset                              0x08024cbd   Thumb Code    88  net_conf.o(i.W5500_Reset)
    WIZCHIP_READ                             0x08024d49   Thumb Code   112  w5500.o(i.WIZCHIP_READ)
    WIZCHIP_READ_BUF                         0x08024dbd   Thumb Code   136  w5500.o(i.WIZCHIP_READ_BUF)
    WIZCHIP_WRITE                            0x08024e49   Thumb Code   112  w5500.o(i.WIZCHIP_WRITE)
    WIZCHIP_WRITE_BUF                        0x08024ebd   Thumb Code   132  w5500.o(i.WIZCHIP_WRITE_BUF)
    WaitAckSignal                            0x08024f45   Thumb Code    96  at24c02.o(i.WaitAckSignal)
    WriteInfo                                0x08024fa9   Thumb Code    44  at24c02.o(i.WriteInfo)
    __0sprintf$8                             0x08024fd5   Thumb Code    34  printf8.o(i.__0sprintf$8)
    __1sprintf$8                             0x08024fd5   Thumb Code     0  printf8.o(i.__0sprintf$8)
    __2sprintf                               0x08024fd5   Thumb Code     0  printf8.o(i.__0sprintf$8)
    __hardfp_atof                            0x08025001   Thumb Code    44  atof.o(i.__hardfp_atof)
    __hardfp_fabs                            0x08025039   Thumb Code    20  fabs.o(i.__hardfp_fabs)
    __hardfp_sqrtf                           0x0802504d   Thumb Code    58  sqrtf_full.o(i.__hardfp_sqrtf)
    __read_errno                             0x08025089   Thumb Code     6  errno.o(i.__read_errno)
    __scatterload_copy                       0x08025095   Thumb Code    14  handlers.o(i.__scatterload_copy)
    __scatterload_null                       0x080250a3   Thumb Code     2  handlers.o(i.__scatterload_null)
    __scatterload_zeroinit                   0x080250a5   Thumb Code    14  handlers.o(i.__scatterload_zeroinit)
    __set_errno                              0x080250b9   Thumb Code     6  errno.o(i.__set_errno)
    _is_digit                                0x080250c5   Thumb Code    14  scanf_fp.o(i._is_digit)
    char2hex                                 0x08025541   Thumb Code    54  httpserver.o(i.char2hex)
    close                                    0x08025579   Thumb Code   142  socket.o(i.close)
    ctlnetwork                               0x08025619   Thumb Code    86  wizchip_conf.o(i.ctlnetwork)
    disconnect                               0x08025671   Thumb Code   180  socket.o(i.disconnect)
    dmaSPI_SendByte                          0x0802572d   Thumb Code    72  spi.o(i.dmaSPI_SendByte)
    dma_wiz_send_data                        0x0802577d   Thumb Code   236  net_conf.o(i.dma_wiz_send_data)
    find_first_greater_than                  0x08025871   Thumb Code    44  signal_process.o(i.find_first_greater_than)
    fliplr                                   0x0802589d   Thumb Code    58  signal_process.o(i.fliplr)
    gen_send                                 0x080258d9   Thumb Code   374  socket.o(i.gen_send)
    getSn_RX_RSR                             0x08025a59   Thumb Code   108  w5500.o(i.getSn_RX_RSR)
    getSn_TX_FSR                             0x08025ac5   Thumb Code   108  w5500.o(i.getSn_TX_FSR)
    get_max_value                            0x08025b31   Thumb Code    28  signal_process.o(i.get_max_value)
    httpParseAndResponse                     0x08025b4d   Thumb Code   514  httpserver.o(i.httpParseAndResponse)
    listen                                   0x08025dc1   Thumb Code   158  socket.o(i.listen)
    main                                     0x08025e61   Thumb Code  2570  main.o(i.main)
    make_http_response_head                  0x080268a5   Thumb Code   182  httpparser.o(i.make_http_response_head)
    move_float_data                          0x08026b75   Thumb Code    40  signal_process.o(i.move_float_data)
    parse_http_request                       0x08026b9d   Thumb Code   156  httpparser.o(i.parse_http_request)
    polyfit                                  0x08026c65   Thumb Code   202  signal_process.o(i.polyfit)
    recv                                     0x08026d35   Thumb Code   282  socket.o(i.recv)
    reg_wizchip_cris_cbfunc                  0x08026e55   Thumb Code    26  wizchip_conf.o(i.reg_wizchip_cris_cbfunc)
    reg_wizchip_cs_cbfunc                    0x08026e7d   Thumb Code    26  wizchip_conf.o(i.reg_wizchip_cs_cbfunc)
    reg_wizchip_spi_cbfunc                   0x08026ea5   Thumb Code    40  wizchip_conf.o(i.reg_wizchip_spi_cbfunc)
    sFLASH_Init                              0x08026f49   Thumb Code   170  spi.o(i.sFLASH_Init)
    sFLASH_LowLevel_Init                     0x08027001   Thumb Code   146  spi.o(i.sFLASH_LowLevel_Init)
    sFLASH_ReadByte                          0x0802709d   Thumb Code    44  spi.o(i.sFLASH_ReadByte)
    sFLASH_SendByte                          0x080270cd   Thumb Code    42  spi.o(i.sFLASH_SendByte)
    send                                     0x080270fd   Thumb Code   374  socket.o(i.send)
    socket                                   0x0802727d   Thumb Code   384  socket.o(i.socket)
    str2hex                                  0x08027411   Thumb Code    38  httpserver.o(i.str2hex)
    str2num                                  0x08027437   Thumb Code    40  httpserver.o(i.str2num)
    time_arrival_detection                   0x08027461   Thumb Code   428  signal_process.o(i.time_arrival_detection)
    wiz_recv_data                            0x08027619   Thumb Code   132  w5500.o(i.wiz_recv_data)
    wiz_send_data                            0x0802769d   Thumb Code   132  w5500.o(i.wiz_send_data)
    wizchip_bus_readdata                     0x08027721   Thumb Code     6  wizchip_conf.o(i.wizchip_bus_readdata)
    wizchip_bus_writedata                    0x08027727   Thumb Code     4  wizchip_conf.o(i.wizchip_bus_writedata)
    wizchip_cris_enter                       0x0802772b   Thumb Code     2  wizchip_conf.o(i.wizchip_cris_enter)
    wizchip_cris_exit                        0x0802772d   Thumb Code     2  wizchip_conf.o(i.wizchip_cris_exit)
    wizchip_cs_deselect                      0x0802772f   Thumb Code     2  wizchip_conf.o(i.wizchip_cs_deselect)
    wizchip_cs_select                        0x08027731   Thumb Code     2  wizchip_conf.o(i.wizchip_cs_select)
    wizchip_getnetinfo                       0x08027735   Thumb Code    82  wizchip_conf.o(i.wizchip_getnetinfo)
    wizchip_getnetmode                       0x08027791   Thumb Code    10  wizchip_conf.o(i.wizchip_getnetmode)
    wizchip_gettimeout                       0x0802779b   Thumb Code    40  wizchip_conf.o(i.wizchip_gettimeout)
    wizchip_init                             0x080277c3   Thumb Code   144  wizchip_conf.o(i.wizchip_init)
    wizchip_setnetinfo                       0x08027855   Thumb Code    80  wizchip_conf.o(i.wizchip_setnetinfo)
    wizchip_setnetmode                       0x080278ad   Thumb Code    38  wizchip_conf.o(i.wizchip_setnetmode)
    wizchip_settimeout                       0x080278d3   Thumb Code    38  wizchip_conf.o(i.wizchip_settimeout)
    wizchip_spi_readbyte                     0x080278f9   Thumb Code     4  wizchip_conf.o(i.wizchip_spi_readbyte)
    wizchip_spi_writebyte                    0x080278fd   Thumb Code     2  wizchip_conf.o(i.wizchip_spi_writebyte)
    wizchip_sw_reset                         0x080278ff   Thumb Code   114  wizchip_conf.o(i.wizchip_sw_reset)
    wizphy_getphylink                        0x08027971   Thumb Code    24  wizchip_conf.o(i.wizphy_getphylink)
    GPIO_PIN                                 0x08027988   Data          10  stm324x7i_eval.o(.constdata)
    GPIO_CLK                                 0x08027994   Data          20  stm324x7i_eval.o(.constdata)
    COM_USART_CLK                            0x080279a8   Data           8  stm324x7i_eval.o(.constdata)
    COM_TX_PORT_CLK                          0x080279b0   Data           8  stm324x7i_eval.o(.constdata)
    COM_RX_PORT_CLK                          0x080279b8   Data           8  stm324x7i_eval.o(.constdata)
    COM_TX_PIN                               0x080279c0   Data           4  stm324x7i_eval.o(.constdata)
    COM_RX_PIN                               0x080279c4   Data           4  stm324x7i_eval.o(.constdata)
    COM_TX_PIN_SOURCE                        0x080279c8   Data           4  stm324x7i_eval.o(.constdata)
    COM_RX_PIN_SOURCE                        0x080279cc   Data           4  stm324x7i_eval.o(.constdata)
    COM_TX_AF                                0x080279d0   Data           4  stm324x7i_eval.o(.constdata)
    COM_RX_AF                                0x080279d4   Data           4  stm324x7i_eval.o(.constdata)
    twiddleCoef_16                           0x08027bfc   Data         128  arm_common_tables.o(.constdata)
    twiddleCoef_32                           0x08027c7c   Data         256  arm_common_tables.o(.constdata)
    twiddleCoef_64                           0x08027d7c   Data         512  arm_common_tables.o(.constdata)
    twiddleCoef_128                          0x08027f7c   Data        1024  arm_common_tables.o(.constdata)
    twiddleCoef_256                          0x0802837c   Data        2048  arm_common_tables.o(.constdata)
    twiddleCoef_512                          0x08028b7c   Data        4096  arm_common_tables.o(.constdata)
    twiddleCoef_1024                         0x08029b7c   Data        8192  arm_common_tables.o(.constdata)
    twiddleCoef_2048                         0x0802bb7c   Data       16384  arm_common_tables.o(.constdata)
    armBitRevIndexTable16                    0x0802fb7c   Data          40  arm_common_tables.o(.constdata)
    armBitRevIndexTable32                    0x0802fba4   Data          96  arm_common_tables.o(.constdata)
    armBitRevIndexTable64                    0x0802fc04   Data         112  arm_common_tables.o(.constdata)
    armBitRevIndexTable128                   0x0802fc74   Data         416  arm_common_tables.o(.constdata)
    armBitRevIndexTable256                   0x0802fe14   Data         880  arm_common_tables.o(.constdata)
    armBitRevIndexTable512                   0x08030184   Data         896  arm_common_tables.o(.constdata)
    armBitRevIndexTable1024                  0x08030504   Data        3600  arm_common_tables.o(.constdata)
    armBitRevIndexTable2048                  0x08031314   Data        7616  arm_common_tables.o(.constdata)
    twiddleCoef_rfft_32                      0x080330d4   Data         128  arm_common_tables.o(.constdata)
    twiddleCoef_rfft_64                      0x08033154   Data         256  arm_common_tables.o(.constdata)
    twiddleCoef_rfft_128                     0x08033254   Data         512  arm_common_tables.o(.constdata)
    twiddleCoef_rfft_256                     0x08033454   Data        1024  arm_common_tables.o(.constdata)
    twiddleCoef_rfft_512                     0x08033854   Data        2048  arm_common_tables.o(.constdata)
    twiddleCoef_rfft_1024                    0x08034054   Data        4096  arm_common_tables.o(.constdata)
    twiddleCoef_rfft_2048                    0x08035054   Data        8192  arm_common_tables.o(.constdata)
    twiddleCoef_rfft_4096                    0x08037054   Data       16384  arm_common_tables.o(.constdata)
    __ctype_categories                       0x0803b054   Data          64  ctype_c.o(.constdata)
    Region$$Table$$Base                      0x0803b6ec   Number         0  anon$$obj.o(Region$$Table)
    Region$$Table$$Limit                     0x0803b70c   Number         0  anon$$obj.o(Region$$Table)
    Software_Ver_1                           0x08050000   Data           1  cmd.o(.ARM.__AT_0x08050000)
    Software_Ver_2                           0x08050001   Data           1  cmd.o(.ARM.__AT_0x08050001)
    Software_Ver_3                           0x08050002   Data           1  cmd.o(.ARM.__AT_0x08050002)
    Software_Ver                             0x08050003   Data          29  cmd.o(.ARM.__AT_0x08050003)
    GPIO_PORT                                0x20000010   Data          20  stm324x7i_eval.o(.data)
    COM_USART                                0x20000024   Data           8  stm324x7i_eval.o(.data)
    COM_TX_PORT                              0x2000002c   Data           8  stm324x7i_eval.o(.data)
    COM_RX_PORT                              0x20000034   Data           8  stm324x7i_eval.o(.data)
    fsReferList                              0x20000040   Data          60  cs5340.o(.data)
    threshold                                0x2000007c   Data           2  cmd.o(.data)
    send_point                               0x20000080   Data           4  cmd.o(.data)
    para_temp                                0x20000084   Data           2  cmd.o(.data)
    process_state                            0x20000086   Data           1  cmd.o(.data)
    socket_reset_flag                        0x20000087   Data           1  tim.o(.data)
    first_cycle                              0x20000088   Data           1  exti.o(.data)
    start_transmit                           0x20000089   Data           1  exti.o(.data)
    DMA_num                                  0x2000008c   Data           4  exti.o(.data)
    LastDMA_num                              0x20000090   Data           4  exti.o(.data)
    LastRemain                               0x20000094   Data           2  exti.o(.data)
    NDTR_num                                 0x20000096   Data           2  exti.o(.data)
    LastTime                                 0x20000098   Data           3  exti.o(.data)
    cross                                    0x2000009b   Data           1  exti.o(.data)
    GPS_message                              0x2000009c   Data          20  uart.o(.data)
    rxIndex                                  0x200000b0   Data           1  uart.o(.data)
    Time                                     0x200000b1   Data           3  uart.o(.data)
    validStatus                              0x200000b4   Data           1  uart.o(.data)
    Latitude                                 0x200000b8   Data           4  uart.o(.data)
    Longitude                                0x200000bc   Data           4  uart.o(.data)
    data_stream                              0x200000c0   Data          28  signal_process.o(.data)
    Energy                                   0x200000dc   Data          15  signal_process.o(.data)
    energy_27k                               0x200000ec   Data           4  signal_process.o(.data)
    energy_                                  0x200000f0   Data           4  signal_process.o(.data)
    Para                                     0x200000f4   Data          13  signal_process.o(.data)
    gainValues                               0x20000104   Data          32  signal_process.o(.data)
    sock_pack_info                           0x2000012a   Data           8  socket.o(.data)
    WIZCHIP                                  0x20000134   Data          44  wizchip_conf.o(.data)
    NetConf                                  0x20000166   Data          23  net_conf.o(.data)
    NetConf_start                            0x2000017d   Data          23  net_conf.o(.data)
    NetConf_reset                            0x20000194   Data          23  net_conf.o(.data)
    TX_Buffer                                0x200001ab   Data           8  net_conf.o(.data)
    RX_Buffer                                0x200001b3   Data           8  net_conf.o(.data)
    ReTry                                    0x200001bc   Data           4  net_conf.o(.data)
    LocalPort                                0x200001c0   Data           2  net_conf.o(.data)
    parsed_http_req                          0x200001c4   Data           4  httpserver.o(.data)
    parsed_http_res                          0x200001c8   Data           4  httpserver.o(.data)
    sel_opt                                  0x200001cc   Data          11  httpserver.o(.data)
    cmd_rxlen                                0x200001d8   Data           2  main.o(.data)
    cmd_status                               0x200001da   Data           1  main.o(.data)
    socketStatus                             0x200001db   Data           1  main.o(.data)
    ledNetBaseTime                           0x200001dc   Data           4  main.o(.data)
    ledNetSwitch                             0x200001e0   Data           1  main.o(.data)
    fs_index                                 0x200001e1   Data           1  main.o(.data)
    start_flag                               0x200001e2   Data           1  main.o(.data)
    iii                                      0x200001e4   Data           4  main.o(.data)
    jjj                                      0x200001e8   Data           4  main.o(.data)
    element_count                            0x200001ec   Data           8  main.o(.data)
    address_offset                           0x200001f4   Data           2  main.o(.data)
    storage                                  0x200001f6   Data           1  main.o(.data)
    output                                   0x200001f7   Data           1  main.o(.data)
    find_27k                                 0x200001f8   Data           1  main.o(.data)
    first_length                             0x200001fc   Data           4  main.o(.data)
    freq_detect                              0x20000200   Data           2  main.o(.data)
    detect_ratio                             0x20000208   Data           1  main.o(.data)
    rxBuffer                                 0x20000214   Data          80  uart.o(.bss)
    fft_input                                0x20000264   Data        4096  signal_process.o(.bss)
    fft_output                               0x20001264   Data        4096  signal_process.o(.bss)
    httpRecvBuffer                           0x20002274   Data        2048  httpserver.o(.bss)
    httpTransBuffer                          0x20002a74   Data        2048  httpserver.o(.bss)
    temp_buf                                 0x20003274   Data          20  httpserver.o(.bss)
    pcmStream                                0x20003288   Data       17076  main.o(.bss)
    command                                  0x2000753c   Data         255  main.o(.bss)
    command_P2                               0x2000763c   Data         256  main.o(.bss)
    protocol                                 0x2000773c   Data         293  main.o(.bss)
    DataOut                                  0x20007864   Data        3412  main.o(.bss)
    data_arrival                             0x200085b8   Data        6820  main.o(.bss)
    __initial_sp                             0x2000a860   Data           0  startup_stm32f40xx.o(STACK)



==============================================================================

Memory Map of the image

  Image Entry point : 0x08020249

  Load Region LR_IROM1 (Base: 0x08020000, Size: 0x00030234, Max: 0x000c0000, ABSOLUTE, COMPRESSED[0x00030108])

    Execution Region ER_IROM1 (Exec base: 0x08020000, Load base: 0x08020000, Size: 0x00030020, Max: 0x000c0000, ABSOLUTE)

    Exec Addr    Load Addr    Size         Type   Attr      Idx    E Section Name        Object

    0x08020000   0x08020000   0x00000188   Data   RO            3    RESET               startup_stm32f40xx.o
    0x08020188   0x08020188   0x000000c0   Code   RO         4630    . text              arm_cortexM4lf_math.lib(arm_bitreversal2.o)
    0x08020248   0x08020248   0x00000000   Code   RO         4658  * .ARM.Collect$$$$00000000  mc_w.l(entry.o)
    0x08020248   0x08020248   0x00000004   Code   RO         4954    .ARM.Collect$$$$00000001  mc_w.l(entry2.o)
    0x0802024c   0x0802024c   0x00000004   Code   RO         4957    .ARM.Collect$$$$00000004  mc_w.l(entry5.o)
    0x08020250   0x08020250   0x00000000   Code   RO         4959    .ARM.Collect$$$$00000008  mc_w.l(entry7b.o)
    0x08020250   0x08020250   0x00000000   Code   RO         4961    .ARM.Collect$$$$0000000A  mc_w.l(entry8b.o)
    0x08020250   0x08020250   0x00000008   Code   RO         4962    .ARM.Collect$$$$0000000B  mc_w.l(entry9a.o)
    0x08020258   0x08020258   0x00000000   Code   RO         4964    .ARM.Collect$$$$0000000D  mc_w.l(entry10a.o)
    0x08020258   0x08020258   0x00000000   Code   RO         4966    .ARM.Collect$$$$0000000F  mc_w.l(entry11a.o)
    0x08020258   0x08020258   0x00000004   Code   RO         4955    .ARM.Collect$$$$00002712  mc_w.l(entry2.o)
    0x0802025c   0x0802025c   0x00000024   Code   RO            4    .text               startup_stm32f40xx.o
    0x08020280   0x08020280   0x00000192   Code   RO         4401    .text               arm_cortexM4lf_math.lib(arm_rfft_fast_f32.o)
    0x08020412   0x08020412   0x00000002   PAD
    0x08020414   0x08020414   0x00000128   Code   RO         4451    .text               arm_cortexM4lf_math.lib(arm_rfft_fast_init_f32.o)
    0x0802053c   0x0802053c   0x000000d8   Code   RO         4479    .text               arm_cortexM4lf_math.lib(arm_max_f32.o)
    0x08020614   0x08020614   0x00000722   Code   RO         4503    .text               arm_cortexM4lf_math.lib(arm_cfft_f32.o)
    0x08020d36   0x08020d36   0x00000002   PAD
    0x08020d38   0x08020d38   0x000004dc   Code   RO         4609    .text               arm_cortexM4lf_math.lib(arm_cfft_radix8_f32.o)
    0x08021214   0x08021214   0x00000024   Code   RO         4661    .text               mc_w.l(memcpya.o)
    0x08021238   0x08021238   0x00000024   Code   RO         4663    .text               mc_w.l(memseta.o)
    0x0802125c   0x0802125c   0x00000018   Code   RO         4665    .text               mc_w.l(strcat.o)
    0x08021274   0x08021274   0x00000024   Code   RO         4667    .text               mc_w.l(strstr.o)
    0x08021298   0x08021298   0x00000018   Code   RO         4669    .text               mc_w.l(strncpy.o)
    0x080212b0   0x080212b0   0x00000014   Code   RO         4671    .text               mc_w.l(strchr.o)
    0x080212c4   0x080212c4   0x0000000e   Code   RO         4673    .text               mc_w.l(strlen.o)
    0x080212d2   0x080212d2   0x0000001c   Code   RO         4675    .text               mc_w.l(strcmp.o)
    0x080212ee   0x080212ee   0x00000012   Code   RO         4677    .text               mc_w.l(strcpy.o)
    0x08021300   0x08021300   0x0000001e   Code   RO         4679    .text               mc_w.l(strncmp.o)
    0x0802131e   0x0802131e   0x00000002   PAD
    0x08021320   0x08021320   0x00000044   Code   RO         4681    .text               mc_w.l(strtok.o)
    0x08021364   0x08021364   0x00000026   Code   RO         4950    .text               mf_w.l(f2d.o)
    0x0802138a   0x0802138a   0x00000038   Code   RO         4952    .text               mf_w.l(d2f.o)
    0x080213c2   0x080213c2   0x00000062   Code   RO         4971    .text               mc_w.l(uldiv.o)
    0x08021424   0x08021424   0x0000009c   Code   RO         4980    .text               mc_w.l(strtod.o)
    0x080214c0   0x080214c0   0x00000000   Code   RO         4982    .text               mc_w.l(iusefp.o)
    0x080214c0   0x080214c0   0x0000006e   Code   RO         4983    .text               mf_w.l(fepilogue.o)
    0x0802152e   0x0802152e   0x000000e4   Code   RO         4987    .text               mf_w.l(dmul.o)
    0x08021612   0x08021612   0x000000de   Code   RO         4989    .text               mf_w.l(ddiv.o)
    0x080216f0   0x080216f0   0x00000024   Code   RO         4995    .text               mc_w.l(init.o)
    0x08021714   0x08021714   0x0000001e   Code   RO         4997    .text               mc_w.l(llshl.o)
    0x08021732   0x08021732   0x00000020   Code   RO         4999    .text               mc_w.l(llushr.o)
    0x08021752   0x08021752   0x0000000a   Code   RO         5003    .text               mc_w.l(isspace_c.o)
    0x0802175c   0x0802175c   0x00000360   Code   RO         5005    .text               mc_w.l(scanf_fp.o)
    0x08021abc   0x08021abc   0x00000040   Code   RO         5009    .text               mc_w.l(_sgetc.o)
    0x08021afc   0x08021afc   0x000000ba   Code   RO         5011    .text               mf_w.l(depilogue.o)
    0x08021bb6   0x08021bb6   0x00000002   PAD
    0x08021bb8   0x08021bb8   0x00000028   Code   RO         5013    .text               mc_w.l(ctype_c.o)
    0x08021be0   0x08021be0   0x00000018   Code   RO         5016    .text               mf_w.l(dfltul.o)
    0x08021bf8   0x08021bf8   0x00000056   Code   RO         5026    .text               mc_w.l(__dczerorl2.o)
    0x08021c4e   0x08021c4e   0x00000016   Code   RO         2365    i.ADC_Cmd           stm32f4xx_adc.o
    0x08021c64   0x08021c64   0x00000030   Code   RO         2366    i.ADC_CommonInit    stm32f4xx_adc.o
    0x08021c94   0x08021c94   0x00000008   Code   RO         2377    i.ADC_GetConversionValue  stm32f4xx_adc.o
    0x08021c9c   0x08021c9c   0x00000012   Code   RO         2378    i.ADC_GetFlagStatus  stm32f4xx_adc.o
    0x08021cae   0x08021cae   0x00000002   PAD
    0x08021cb0   0x08021cb0   0x00000054   Code   RO         2385    i.ADC_Init          stm32f4xx_adc.o
    0x08021d04   0x08021d04   0x00000070   Code   RO         3462    i.ADC_Init_Config   adc.o
    0x08021d74   0x08021d74   0x000000b8   Code   RO         2390    i.ADC_RegularChannelConfig  stm32f4xx_adc.o
    0x08021e2c   0x08021e2c   0x0000000a   Code   RO         2392    i.ADC_SoftwareStartConv  stm32f4xx_adc.o
    0x08021e36   0x08021e36   0x00000014   Code   RO         2394    i.ADC_StructInit    stm32f4xx_adc.o
    0x08021e4a   0x08021e4a   0x00000002   PAD
    0x08021e4c   0x08021e4c   0x0000004c   Code   RO         2836    i.AT24C02_Init      at24c02.o
    0x08021e98   0x08021e98   0x00000048   Code   RO         2837    i.AT24C02_ReadByte  at24c02.o
    0x08021ee0   0x08021ee0   0x00000040   Code   RO         2838    i.AT24C02_WriteByte  at24c02.o
    0x08021f20   0x08021f20   0x00000018   Code   RO         3123    i.AudioStart        cs5340.o
    0x08021f38   0x08021f38   0x00000014   Code   RO         3124    i.AudioStop         cs5340.o
    0x08021f4c   0x08021f4c   0x0000001c   Code   RO         3176    i.BufCmp            cmd.o
    0x08021f68   0x08021f68   0x00000004   Code   RO         4324    i.BusFault_Handler  stm32f4xx_it.o
    0x08021f6c   0x08021f6c   0x00000016   Code   RO         3177    i.BytesMemeryCopy   cmd.o
    0x08021f82   0x08021f82   0x00000002   PAD
    0x08021f84   0x08021f84   0x000000bc   Code   RO         3125    i.CS5340_Initialize  cs5340.o
    0x08022040   0x08022040   0x00000034   Code   RO         3126    i.CS5340_ResetPinConfig  cs5340.o
    0x08022074   0x08022074   0x00000020   Code   RO         2839    i.CheckAT24C02      at24c02.o
    0x08022094   0x08022094   0x00000012   Code   RO         3178    i.ClearCmdBuffer    cmd.o
    0x080220a6   0x080220a6   0x00000002   PAD
    0x080220a8   0x080220a8   0x00000020   Code   RO         3006    i.Clear_I2S_FIFO    iis.o
    0x080220c8   0x080220c8   0x00000064   Code   RO         3007    i.Config_DMA_I2S    iis.o
    0x0802212c   0x0802212c   0x0000006c   Code   RO         3353    i.DMA1_Stream3_IRQHandler  exti.o
    0x08022198   0x08022198   0x00000034   Code   RO          255    i.DMA_ClearFlag     stm32f4xx_dma.o
    0x080221cc   0x080221cc   0x00000034   Code   RO          256    i.DMA_ClearITPendingBit  stm32f4xx_dma.o
    0x08022200   0x08022200   0x00000016   Code   RO          257    i.DMA_Cmd           stm32f4xx_dma.o
    0x08022216   0x08022216   0x00000002   PAD
    0x08022218   0x08022218   0x00000158   Code   RO          258    i.DMA_DeInit        stm32f4xx_dma.o
    0x08022370   0x08022370   0x00000044   Code   RO          266    i.DMA_GetFlagStatus  stm32f4xx_dma.o
    0x080223b4   0x080223b4   0x00000064   Code   RO          267    i.DMA_GetITStatus   stm32f4xx_dma.o
    0x08022418   0x08022418   0x0000003a   Code   RO          268    i.DMA_ITConfig      stm32f4xx_dma.o
    0x08022452   0x08022452   0x00000002   PAD
    0x08022454   0x08022454   0x00000058   Code   RO          269    i.DMA_Init          stm32f4xx_dma.o
    0x080224ac   0x080224ac   0x00000002   Code   RO         4325    i.DebugMon_Handler  stm32f4xx_it.o
    0x080224ae   0x080224ae   0x00000002   PAD
    0x080224b0   0x080224b0   0x00000028   Code   RO         2790    i.Delay_Initialize  delay.o
    0x080224d8   0x080224d8   0x00000038   Code   RO         2791    i.Delay_ms          delay.o
    0x08022510   0x08022510   0x00000050   Code   RO         2792    i.Delay_ms_base     delay.o
    0x08022560   0x08022560   0x00000054   Code   RO         2793    i.Delay_us          delay.o
    0x080225b4   0x080225b4   0x000001e4   Code   RO         3568    i.Detect_Signal     signal_process.o
    0x08022798   0x08022798   0x000000b4   Code   RO         3354    i.EXTI9_5_IRQHandler  exti.o
    0x0802284c   0x0802284c   0x0000000c   Code   RO          523    i.EXTI_ClearITPendingBit  stm32f4xx_exti.o
    0x08022858   0x08022858   0x00000018   Code   RO          527    i.EXTI_GetITStatus  stm32f4xx_exti.o
    0x08022870   0x08022870   0x00000094   Code   RO          528    i.EXTI_Init         stm32f4xx_exti.o
    0x08022904   0x08022904   0x0000000a   Code   RO         4055    i.Enter_Critical    net_conf.o
    0x0802290e   0x0802290e   0x0000000a   Code   RO         4056    i.Exti_Critical     net_conf.o
    0x08022918   0x08022918   0x00000280   Code   RO         4209    i.ExtractParameter  httpserver.o
    0x08022b98   0x08022b98   0x00000058   Code   RO         3538    i.GAIN_GPIO_Init    gain.o
    0x08022bf0   0x08022bf0   0x00000058   Code   RO         3355    i.GPIO_EXTI9_Init   exti.o
    0x08022c48   0x08022c48   0x00000090   Code   RO          880    i.GPIO_Init         stm32f4xx_gpio.o
    0x08022cd8   0x08022cd8   0x00000046   Code   RO          881    i.GPIO_PinAFConfig  stm32f4xx_gpio.o
    0x08022d1e   0x08022d1e   0x00000012   Code   RO          884    i.GPIO_ReadInputDataBit  stm32f4xx_gpio.o
    0x08022d30   0x08022d30   0x00000004   Code   RO          887    i.GPIO_ResetBits    stm32f4xx_gpio.o
    0x08022d34   0x08022d34   0x00000004   Code   RO          888    i.GPIO_SetBits      stm32f4xx_gpio.o
    0x08022d38   0x08022d38   0x0000000a   Code   RO          892    i.GPIO_WriteBit     stm32f4xx_gpio.o
    0x08022d42   0x08022d42   0x00000040   Code   RO         3179    i.GetCRC16          cmd.o
    0x08022d82   0x08022d82   0x00000002   PAD
    0x08022d84   0x08022d84   0x00000054   Code   RO         3463    i.Get_Adc           adc.o
    0x08022dd8   0x08022dd8   0x00000060   Code   RO         3464    i.Get_Adc_Average   adc.o
    0x08022e38   0x08022e38   0x00000004   Code   RO         4326    i.HardFault_Handler  stm32f4xx_it.o
    0x08022e3c   0x08022e3c   0x00000018   Code   RO         1373    i.I2S_Cmd           stm32f4xx_spi.o
    0x08022e54   0x08022e54   0x000000d8   Code   RO         3008    i.I2S_Config        iis.o
    0x08022f2c   0x08022f2c   0x00000198   Code   RO         1375    i.I2S_Init          stm32f4xx_spi.o
    0x080230c4   0x080230c4   0x00000010   Code   RO          981    i.IWDG_Enable       stm32f4xx_iwdg.o
    0x080230d4   0x080230d4   0x00000008   Code   RO         3323    i.IWDG_Feed         iwdg.o
    0x080230dc   0x080230dc   0x00000010   Code   RO          983    i.IWDG_ReloadCounter  stm32f4xx_iwdg.o
    0x080230ec   0x080230ec   0x0000000c   Code   RO          984    i.IWDG_SetPrescaler  stm32f4xx_iwdg.o
    0x080230f8   0x080230f8   0x0000000c   Code   RO          985    i.IWDG_SetReload    stm32f4xx_iwdg.o
    0x08023104   0x08023104   0x0000000c   Code   RO          986    i.IWDG_WriteAccessCmd  stm32f4xx_iwdg.o
    0x08023110   0x08023110   0x00000024   Code   RO         3324    i.LaunchWatchDog    iwdg.o
    0x08023134   0x08023134   0x00000004   Code   RO         4327    i.MemManage_Handler  stm32f4xx_it.o
    0x08023138   0x08023138   0x00000002   Code   RO         4328    i.NMI_Handler       stm32f4xx_it.o
    0x0802313a   0x0802313a   0x00000002   PAD
    0x0802313c   0x0802313c   0x00000048   Code   RO         2840    i.NReplyAckSignal   at24c02.o
    0x08023184   0x08023184   0x0000004a   Code   RO         4272    i.NVIC_Administrate  main.o
    0x080231ce   0x080231ce   0x00000002   PAD
    0x080231d0   0x080231d0   0x00000078   Code   RO          155    i.NVIC_Init         misc.o
    0x08023248   0x08023248   0x00000014   Code   RO          156    i.NVIC_PriorityGroupConfig  misc.o
    0x0802325c   0x0802325c   0x00000014   Code   RO          157    i.NVIC_SetVectorTable  misc.o
    0x08023270   0x08023270   0x000001ae   Code   RO         3180    i.ParseCmd          cmd.o
    0x0802341e   0x0802341e   0x00000002   PAD
    0x08023420   0x08023420   0x00000500   Code   RO         3181    i.ParseCmd_P2       cmd.o
    0x08023920   0x08023920   0x000000dc   Code   RO         3182    i.ParseCmd_P2_Start  cmd.o
    0x080239fc   0x080239fc   0x000000a0   Code   RO         3569    i.Pcm2Vol_RemoveDC  signal_process.o
    0x08023a9c   0x08023a9c   0x00000002   Code   RO         4329    i.PendSV_Handler    stm32f4xx_it.o
    0x08023a9e   0x08023a9e   0x00000002   PAD
    0x08023aa0   0x08023aa0   0x0000008c   Code   RO         3183    i.Protocol_Init     cmd.o
    0x08023b2c   0x08023b2c   0x00000020   Code   RO         1035    i.RCC_AHB1PeriphClockCmd  stm32f4xx_rcc.o
    0x08023b4c   0x08023b4c   0x00000020   Code   RO         1044    i.RCC_APB1PeriphClockCmd  stm32f4xx_rcc.o
    0x08023b6c   0x08023b6c   0x00000020   Code   RO         1046    i.RCC_APB1PeriphResetCmd  stm32f4xx_rcc.o
    0x08023b8c   0x08023b8c   0x00000020   Code   RO         1047    i.RCC_APB2PeriphClockCmd  stm32f4xx_rcc.o
    0x08023bac   0x08023bac   0x00000020   Code   RO         1049    i.RCC_APB2PeriphResetCmd  stm32f4xx_rcc.o
    0x08023bcc   0x08023bcc   0x000000e8   Code   RO         1056    i.RCC_GetClocksFreq  stm32f4xx_rcc.o
    0x08023cb4   0x08023cb4   0x00000040   Code   RO         1057    i.RCC_GetFlagStatus  stm32f4xx_rcc.o
    0x08023cf4   0x08023cf4   0x0000000c   Code   RO         1063    i.RCC_I2SCLKConfig  stm32f4xx_rcc.o
    0x08023d00   0x08023d00   0x0000000c   Code   RO         1075    i.RCC_PLLI2SCmd     stm32f4xx_rcc.o
    0x08023d0c   0x08023d0c   0x00000010   Code   RO         1076    i.RCC_PLLI2SConfig  stm32f4xx_rcc.o
    0x08023d1c   0x08023d1c   0x00000006   Code   RO         3184    i.Read4Byte         cmd.o
    0x08023d22   0x08023d22   0x00000024   Code   RO         2841    i.ReadInfo          at24c02.o
    0x08023d46   0x08023d46   0x00000002   PAD
    0x08023d48   0x08023d48   0x00000060   Code   RO         2842    i.Receive1Byte      at24c02.o
    0x08023da8   0x08023da8   0x00000048   Code   RO         2843    i.ReplyAckSignal    at24c02.o
    0x08023df0   0x08023df0   0x00000018   Code   RO         2844    i.SDA_InputMode     at24c02.o
    0x08023e08   0x08023e08   0x0000001c   Code   RO         2845    i.SDA_OutputMode    at24c02.o
    0x08023e24   0x08023e24   0x00000018   Code   RO         1379    i.SPI_Cmd           stm32f4xx_spi.o
    0x08023e3c   0x08023e3c   0x00000012   Code   RO         1385    i.SPI_I2S_DMACmd    stm32f4xx_spi.o
    0x08023e4e   0x08023e4e   0x00000002   PAD
    0x08023e50   0x08023e50   0x000000b0   Code   RO         1386    i.SPI_I2S_DeInit    stm32f4xx_spi.o
    0x08023f00   0x08023f00   0x00000012   Code   RO         1387    i.SPI_I2S_GetFlagStatus  stm32f4xx_spi.o
    0x08023f12   0x08023f12   0x00000006   Code   RO         1390    i.SPI_I2S_ReceiveData  stm32f4xx_spi.o
    0x08023f18   0x08023f18   0x0000003c   Code   RO         1392    i.SPI_Init          stm32f4xx_spi.o
    0x08023f54   0x08023f54   0x0000004c   Code   RO         2726    i.STM_EVAL_LEDInit  stm324x7i_eval.o
    0x08023fa0   0x08023fa0   0x00000018   Code   RO         2727    i.STM_EVAL_LEDOff   stm324x7i_eval.o
    0x08023fb8   0x08023fb8   0x00000018   Code   RO         2728    i.STM_EVAL_LEDOn    stm324x7i_eval.o
    0x08023fd0   0x08023fd0   0x00000024   Code   RO         2729    i.STM_EVAL_LEDToggle  stm324x7i_eval.o
    0x08023ff4   0x08023ff4   0x00000002   Code   RO         4330    i.SVC_Handler       stm32f4xx_it.o
    0x08023ff6   0x08023ff6   0x00000002   PAD
    0x08023ff8   0x08023ff8   0x00000040   Code   RO         2302    i.SYSCFG_EXTILineConfig  stm32f4xx_syscfg.o
    0x08024038   0x08024038   0x00000070   Code   RO         2846    i.Send1Byte         at24c02.o
    0x080240a8   0x080240a8   0x000000f8   Code   RO           13    i.SetSysClock       system_stm32f4xx.o
    0x080241a0   0x080241a0   0x00000034   Code   RO         3539    i.Set_Gain          gain.o
    0x080241d4   0x080241d4   0x00000048   Code   RO         2847    i.StartSignal       at24c02.o
    0x0802421c   0x0802421c   0x00000048   Code   RO         2848    i.StopSignal        at24c02.o
    0x08024264   0x08024264   0x0000003c   Code   RO         3009    i.Stop_DMA_I2S      iis.o
    0x080242a0   0x080242a0   0x00000002   Code   RO         4331    i.SysTick_Handler   stm32f4xx_it.o
    0x080242a2   0x080242a2   0x00000002   PAD
    0x080242a4   0x080242a4   0x00000068   Code   RO           15    i.SystemInit        system_stm32f4xx.o
    0x0802430c   0x0802430c   0x00000024   Code   RO         3259    i.TIM2_IRQHandler   tim.o
    0x08024330   0x08024330   0x00000028   Code   RO         3260    i.TIM3_IRQHandler   tim.o
    0x08024358   0x08024358   0x00000024   Code   RO         3261    i.TIM5_IRQHandler   tim.o
    0x0802437c   0x0802437c   0x00000068   Code   RO         3262    i.TIM5_Init         tim.o
    0x080243e4   0x080243e4   0x00000006   Code   RO         1552    i.TIM_ClearITPendingBit  stm32f4xx_tim.o
    0x080243ea   0x080243ea   0x00000018   Code   RO         1557    i.TIM_Cmd           stm32f4xx_tim.o
    0x08024402   0x08024402   0x00000002   PAD
    0x08024404   0x08024404   0x00000190   Code   RO         1562    i.TIM_DeInit        stm32f4xx_tim.o
    0x08024594   0x08024594   0x00000022   Code   RO         1578    i.TIM_GetITStatus   stm32f4xx_tim.o
    0x080245b6   0x080245b6   0x00000012   Code   RO         1582    i.TIM_ITConfig      stm32f4xx_tim.o
    0x080245c8   0x080245c8   0x0000005e   Code   RO         3264    i.TIM_START_Config  tim.o
    0x08024626   0x08024626   0x00000002   PAD
    0x08024628   0x08024628   0x00000084   Code   RO         1629    i.TIM_TimeBaseInit  stm32f4xx_tim.o
    0x080246ac   0x080246ac   0x00000080   Code   RO         3265    i.Timer3_Start      tim.o
    0x0802472c   0x0802472c   0x00000088   Code   RO         3397    i.UART3_Init        uart.o
    0x080247b4   0x080247b4   0x00000248   Code   RO         3399    i.USART3_IRQHandler  uart.o
    0x080249fc   0x080249fc   0x00000018   Code   RO         2111    i.USART_Cmd         stm32f4xx_usart.o
    0x08024a14   0x08024a14   0x00000054   Code   RO         2115    i.USART_GetITStatus  stm32f4xx_usart.o
    0x08024a68   0x08024a68   0x0000004a   Code   RO         2117    i.USART_ITConfig    stm32f4xx_usart.o
    0x08024ab2   0x08024ab2   0x00000002   PAD
    0x08024ab4   0x08024ab4   0x000000d4   Code   RO         2118    i.USART_Init        stm32f4xx_usart.o
    0x08024b88   0x08024b88   0x0000000a   Code   RO         2125    i.USART_ReceiveData  stm32f4xx_usart.o
    0x08024b92   0x08024b92   0x00000004   Code   RO         4332    i.UsageFault_Handler  stm32f4xx_it.o
    0x08024b96   0x08024b96   0x00000002   PAD
    0x08024b98   0x08024b98   0x00000010   Code   RO         4057    i.W5500_Delete      net_conf.o
    0x08024ba8   0x08024ba8   0x0000005c   Code   RO         4058    i.W5500_Init        net_conf.o
    0x08024c04   0x08024c04   0x0000005c   Code   RO         4059    i.W5500_Init_reset  net_conf.o
    0x08024c60   0x08024c60   0x0000005c   Code   RO         4060    i.W5500_Init_start  net_conf.o
    0x08024cbc   0x08024cbc   0x0000005c   Code   RO         4061    i.W5500_Reset       net_conf.o
    0x08024d18   0x08024d18   0x00000020   Code   RO         4062    i.W5500_ResetDelay  net_conf.o
    0x08024d38   0x08024d38   0x00000010   Code   RO         4063    i.W5500_Selcet      net_conf.o
    0x08024d48   0x08024d48   0x00000074   Code   RO         3761    i.WIZCHIP_READ      w5500.o
    0x08024dbc   0x08024dbc   0x0000008c   Code   RO         3762    i.WIZCHIP_READ_BUF  w5500.o
    0x08024e48   0x08024e48   0x00000074   Code   RO         3763    i.WIZCHIP_WRITE     w5500.o
    0x08024ebc   0x08024ebc   0x00000088   Code   RO         3764    i.WIZCHIP_WRITE_BUF  w5500.o
    0x08024f44   0x08024f44   0x00000064   Code   RO         2849    i.WaitAckSignal     at24c02.o
    0x08024fa8   0x08024fa8   0x0000002c   Code   RO         2850    i.WriteInfo         at24c02.o
    0x08024fd4   0x08024fd4   0x00000028   Code   RO         4898    i.__0sprintf$8      mc_w.l(printf8.o)
    0x08024ffc   0x08024ffc   0x00000004   PAD
    0x08025000   0x08025000   0x00000038   Code   RO         4634    i.__hardfp_atof     m_wm.l(atof.o)
    0x08025038   0x08025038   0x00000014   Code   RO         4640    i.__hardfp_fabs     m_wm.l(fabs.o)
    0x0802504c   0x0802504c   0x0000003a   Code   RO         4646    i.__hardfp_sqrtf    m_wm.l(sqrtf_full.o)
    0x08025086   0x08025086   0x00000002   PAD
    0x08025088   0x08025088   0x0000000c   Code   RO         4974    i.__read_errno      mc_w.l(errno.o)
    0x08025094   0x08025094   0x0000000e   Code   RO         5020    i.__scatterload_copy  mc_w.l(handlers.o)
    0x080250a2   0x080250a2   0x00000002   Code   RO         5021    i.__scatterload_null  mc_w.l(handlers.o)
    0x080250a4   0x080250a4   0x0000000e   Code   RO         5022    i.__scatterload_zeroinit  mc_w.l(handlers.o)
    0x080250b2   0x080250b2   0x00000006   Code   RO         2851    i.__set_PRIMASK     at24c02.o
    0x080250b8   0x080250b8   0x0000000c   Code   RO         4975    i.__set_errno       mc_w.l(errno.o)
    0x080250c4   0x080250c4   0x0000000e   Code   RO         5007    i._is_digit         mc_w.l(scanf_fp.o)
    0x080250d2   0x080250d2   0x00000002   PAD
    0x080250d4   0x080250d4   0x00000410   Code   RO         4903    i._printf_core      mc_w.l(printf8.o)
    0x080254e4   0x080254e4   0x00000024   Code   RO         4904    i._printf_post_padding  mc_w.l(printf8.o)
    0x08025508   0x08025508   0x0000002e   Code   RO         4905    i._printf_pre_padding  mc_w.l(printf8.o)
    0x08025536   0x08025536   0x0000000a   Code   RO         4907    i._sputc            mc_w.l(printf8.o)
    0x08025540   0x08025540   0x00000036   Code   RO         4210    i.char2hex          httpserver.o
    0x08025576   0x08025576   0x00000002   PAD
    0x08025578   0x08025578   0x000000a0   Code   RO         3652    i.close             socket.o
    0x08025618   0x08025618   0x00000056   Code   RO         3821    i.ctlnetwork        wizchip_conf.o
    0x0802566e   0x0802566e   0x00000002   PAD
    0x08025670   0x08025670   0x000000bc   Code   RO         3655    i.disconnect        socket.o
    0x0802572c   0x0802572c   0x00000050   Code   RO         2955    i.dmaSPI_SendByte   spi.o
    0x0802577c   0x0802577c   0x000000f4   Code   RO         4064    i.dma_wiz_send_data  net_conf.o
    0x08025870   0x08025870   0x0000002c   Code   RO         3570    i.find_first_greater_than  signal_process.o
    0x0802589c   0x0802589c   0x0000003a   Code   RO         3572    i.fliplr            signal_process.o
    0x080258d6   0x080258d6   0x00000002   PAD
    0x080258d8   0x080258d8   0x00000180   Code   RO         3656    i.gen_send          socket.o
    0x08025a58   0x08025a58   0x0000006c   Code   RO         3765    i.getSn_RX_RSR      w5500.o
    0x08025ac4   0x08025ac4   0x0000006c   Code   RO         3766    i.getSn_TX_FSR      w5500.o
    0x08025b30   0x08025b30   0x0000001c   Code   RO         3573    i.get_max_value     signal_process.o
    0x08025b4c   0x08025b4c   0x00000274   Code   RO         4211    i.httpParseAndResponse  httpserver.o
    0x08025dc0   0x08025dc0   0x0000009e   Code   RO         3658    i.listen            socket.o
    0x08025e5e   0x08025e5e   0x00000002   PAD
    0x08025e60   0x08025e60   0x00000a44   Code   RO         4273    i.main              main.o
    0x080268a4   0x080268a4   0x000002d0   Code   RO         4137    i.make_http_response_head  httpparser.o
    0x08026b74   0x08026b74   0x00000028   Code   RO         3574    i.move_float_data   signal_process.o
    0x08026b9c   0x08026b9c   0x000000c8   Code   RO         4139    i.parse_http_request  httpparser.o
    0x08026c64   0x08026c64   0x000000d0   Code   RO         3575    i.polyfit           signal_process.o
    0x08026d34   0x08026d34   0x00000120   Code   RO         3659    i.recv              socket.o
    0x08026e54   0x08026e54   0x00000028   Code   RO         3824    i.reg_wizchip_cris_cbfunc  wizchip_conf.o
    0x08026e7c   0x08026e7c   0x00000028   Code   RO         3825    i.reg_wizchip_cs_cbfunc  wizchip_conf.o
    0x08026ea4   0x08026ea4   0x00000034   Code   RO         3826    i.reg_wizchip_spi_cbfunc  wizchip_conf.o
    0x08026ed8   0x08026ed8   0x00000070   Code   RO         4274    i.reset_collect     main.o
    0x08026f48   0x08026f48   0x000000b8   Code   RO         2956    i.sFLASH_Init       spi.o
    0x08027000   0x08027000   0x0000009c   Code   RO         2957    i.sFLASH_LowLevel_Init  spi.o
    0x0802709c   0x0802709c   0x00000030   Code   RO         2958    i.sFLASH_ReadByte   spi.o
    0x080270cc   0x080270cc   0x00000030   Code   RO         2959    i.sFLASH_SendByte   spi.o
    0x080270fc   0x080270fc   0x00000180   Code   RO         3661    i.send              socket.o
    0x0802727c   0x0802727c   0x00000194   Code   RO         3664    i.socket            socket.o
    0x08027410   0x08027410   0x00000026   Code   RO         4212    i.str2hex           httpserver.o
    0x08027436   0x08027436   0x00000028   Code   RO         4213    i.str2num           httpserver.o
    0x0802745e   0x0802745e   0x00000002   PAD
    0x08027460   0x08027460   0x000001b8   Code   RO         3576    i.time_arrival_detection  signal_process.o
    0x08027618   0x08027618   0x00000084   Code   RO         3767    i.wiz_recv_data     w5500.o
    0x0802769c   0x0802769c   0x00000084   Code   RO         3769    i.wiz_send_data     w5500.o
    0x08027720   0x08027720   0x00000006   Code   RO         3828    i.wizchip_bus_readdata  wizchip_conf.o
    0x08027726   0x08027726   0x00000004   Code   RO         3829    i.wizchip_bus_writedata  wizchip_conf.o
    0x0802772a   0x0802772a   0x00000002   Code   RO         3831    i.wizchip_cris_enter  wizchip_conf.o
    0x0802772c   0x0802772c   0x00000002   Code   RO         3832    i.wizchip_cris_exit  wizchip_conf.o
    0x0802772e   0x0802772e   0x00000002   Code   RO         3833    i.wizchip_cs_deselect  wizchip_conf.o
    0x08027730   0x08027730   0x00000002   Code   RO         3834    i.wizchip_cs_select  wizchip_conf.o
    0x08027732   0x08027732   0x00000002   PAD
    0x08027734   0x08027734   0x0000005c   Code   RO         3837    i.wizchip_getnetinfo  wizchip_conf.o
    0x08027790   0x08027790   0x0000000a   Code   RO         3838    i.wizchip_getnetmode  wizchip_conf.o
    0x0802779a   0x0802779a   0x00000028   Code   RO         3839    i.wizchip_gettimeout  wizchip_conf.o
    0x080277c2   0x080277c2   0x00000090   Code   RO         3840    i.wizchip_init      wizchip_conf.o
    0x08027852   0x08027852   0x00000002   PAD
    0x08027854   0x08027854   0x00000058   Code   RO         3842    i.wizchip_setnetinfo  wizchip_conf.o
    0x080278ac   0x080278ac   0x00000026   Code   RO         3843    i.wizchip_setnetmode  wizchip_conf.o
    0x080278d2   0x080278d2   0x00000026   Code   RO         3844    i.wizchip_settimeout  wizchip_conf.o
    0x080278f8   0x080278f8   0x00000004   Code   RO         3846    i.wizchip_spi_readbyte  wizchip_conf.o
    0x080278fc   0x080278fc   0x00000002   Code   RO         3848    i.wizchip_spi_writebyte  wizchip_conf.o
    0x080278fe   0x080278fe   0x00000072   Code   RO         3849    i.wizchip_sw_reset  wizchip_conf.o
    0x08027970   0x08027970   0x00000018   Code   RO         3851    i.wizphy_getphylink  wizchip_conf.o
    0x08027988   0x08027988   0x00000050   Data   RO         2731    .constdata          stm324x7i_eval.o
    0x080279d8   0x080279d8   0x00000114   Data   RO         3465    .constdata          adc.o
    0x08027aec   0x08027aec   0x0000010f   Data   RO         4215    .constdata          httpserver.o
    0x08027bfb   0x08027bfb   0x00000001   PAD
    0x08027bfc   0x08027bfc   0x00000080   Data   RO         4528    .constdata          arm_cortexM4lf_math.lib(arm_common_tables.o)
    0x08027c7c   0x08027c7c   0x00000100   Data   RO         4529    .constdata          arm_cortexM4lf_math.lib(arm_common_tables.o)
    0x08027d7c   0x08027d7c   0x00000200   Data   RO         4530    .constdata          arm_cortexM4lf_math.lib(arm_common_tables.o)
    0x08027f7c   0x08027f7c   0x00000400   Data   RO         4531    .constdata          arm_cortexM4lf_math.lib(arm_common_tables.o)
    0x0802837c   0x0802837c   0x00000800   Data   RO         4532    .constdata          arm_cortexM4lf_math.lib(arm_common_tables.o)
    0x08028b7c   0x08028b7c   0x00001000   Data   RO         4533    .constdata          arm_cortexM4lf_math.lib(arm_common_tables.o)
    0x08029b7c   0x08029b7c   0x00002000   Data   RO         4534    .constdata          arm_cortexM4lf_math.lib(arm_common_tables.o)
    0x0802bb7c   0x0802bb7c   0x00004000   Data   RO         4535    .constdata          arm_cortexM4lf_math.lib(arm_common_tables.o)
    0x0802fb7c   0x0802fb7c   0x00000028   Data   RO         4557    .constdata          arm_cortexM4lf_math.lib(arm_common_tables.o)
    0x0802fba4   0x0802fba4   0x00000060   Data   RO         4558    .constdata          arm_cortexM4lf_math.lib(arm_common_tables.o)
    0x0802fc04   0x0802fc04   0x00000070   Data   RO         4559    .constdata          arm_cortexM4lf_math.lib(arm_common_tables.o)
    0x0802fc74   0x0802fc74   0x000001a0   Data   RO         4560    .constdata          arm_cortexM4lf_math.lib(arm_common_tables.o)
    0x0802fe14   0x0802fe14   0x00000370   Data   RO         4561    .constdata          arm_cortexM4lf_math.lib(arm_common_tables.o)
    0x08030184   0x08030184   0x00000380   Data   RO         4562    .constdata          arm_cortexM4lf_math.lib(arm_common_tables.o)
    0x08030504   0x08030504   0x00000e10   Data   RO         4563    .constdata          arm_cortexM4lf_math.lib(arm_common_tables.o)
    0x08031314   0x08031314   0x00001dc0   Data   RO         4564    .constdata          arm_cortexM4lf_math.lib(arm_common_tables.o)
    0x080330d4   0x080330d4   0x00000080   Data   RO         4575    .constdata          arm_cortexM4lf_math.lib(arm_common_tables.o)
    0x08033154   0x08033154   0x00000100   Data   RO         4576    .constdata          arm_cortexM4lf_math.lib(arm_common_tables.o)
    0x08033254   0x08033254   0x00000200   Data   RO         4577    .constdata          arm_cortexM4lf_math.lib(arm_common_tables.o)
    0x08033454   0x08033454   0x00000400   Data   RO         4578    .constdata          arm_cortexM4lf_math.lib(arm_common_tables.o)
    0x08033854   0x08033854   0x00000800   Data   RO         4579    .constdata          arm_cortexM4lf_math.lib(arm_common_tables.o)
    0x08034054   0x08034054   0x00001000   Data   RO         4580    .constdata          arm_cortexM4lf_math.lib(arm_common_tables.o)
    0x08035054   0x08035054   0x00002000   Data   RO         4581    .constdata          arm_cortexM4lf_math.lib(arm_common_tables.o)
    0x08037054   0x08037054   0x00004000   Data   RO         4582    .constdata          arm_cortexM4lf_math.lib(arm_common_tables.o)
    0x0803b054   0x0803b054   0x00000040   Data   RO         5014    .constdata          mc_w.l(ctype_c.o)
    0x0803b094   0x0803b094   0x000002bc   Data   RO         4144    .conststring        httpparser.o
    0x0803b350   0x0803b350   0x0000039c   Data   RO         4216    .conststring        httpserver.o
    0x0803b6ec   0x0803b6ec   0x00000020   Data   RO         5018    Region$$Table       anon$$obj.o
    0x0803b70c   0x0803b70c   0x000148f4   PAD
    0x08050000   0x08050000   0x00000001   Data   RO         3185    .ARM.__AT_0x08050000  cmd.o
    0x08050001   0x08050001   0x00000001   Data   RO         3186    .ARM.__AT_0x08050001  cmd.o
    0x08050002   0x08050002   0x00000001   Data   RO         3187    .ARM.__AT_0x08050002  cmd.o
    0x08050003   0x08050003   0x0000001d   Data   RO         3188    .ARM.__AT_0x08050003  cmd.o


    Execution Region RW_IRAM1 (Exec base: 0x20000000, Load base: 0x08050020, Size: 0x0000a860, Max: 0x00030000, ABSOLUTE, COMPRESSED[0x000000e8])

    Exec Addr    Load Addr    Size         Type   Attr      Idx    E Section Name        Object

    0x20000000   COMPRESSED   0x00000010   Data   RW         1088    .data               stm32f4xx_rcc.o
    0x20000010   COMPRESSED   0x0000002c   Data   RW         2732    .data               stm324x7i_eval.o
    0x2000003c   COMPRESSED   0x00000004   Data   RW         2794    .data               delay.o
    0x20000040   COMPRESSED   0x0000003c   Data   RW         3127    .data               cs5340.o
    0x2000007c   COMPRESSED   0x0000000b   Data   RW         3189    .data               cmd.o
    0x20000087   COMPRESSED   0x00000001   Data   RW         3266    .data               tim.o
    0x20000088   COMPRESSED   0x00000014   Data   RW         3357    .data               exti.o
    0x2000009c   COMPRESSED   0x00000024   Data   RW         3402    .data               uart.o
    0x200000c0   COMPRESSED   0x00000064   Data   RW         3579    .data               signal_process.o
    0x20000124   COMPRESSED   0x0000000e   Data   RW         3667    .data               socket.o
    0x20000132   COMPRESSED   0x00000002   PAD
    0x20000134   COMPRESSED   0x00000031   Data   RW         3857    .data               wizchip_conf.o
    0x20000165   COMPRESSED   0x00000001   PAD
    0x20000166   COMPRESSED   0x0000005c   Data   RW         4065    .data               net_conf.o
    0x200001c2   COMPRESSED   0x00000002   PAD
    0x200001c4   COMPRESSED   0x00000013   Data   RW         4217    .data               httpserver.o
    0x200001d7   COMPRESSED   0x00000001   PAD
    0x200001d8   COMPRESSED   0x00000031   Data   RW         4277    .data               main.o
    0x20000209   COMPRESSED   0x00000003   PAD
    0x2000020c   COMPRESSED   0x00000004   Data   RW         4682    .data               mc_w.l(strtok.o)
    0x20000210   COMPRESSED   0x00000004   Data   RW         4976    .data               mc_w.l(errno.o)
    0x20000214        -       0x00000050   Zero   RW         3400    .bss                uart.o
    0x20000264        -       0x00002000   Zero   RW         3577    .bss                signal_process.o
    0x20002264        -       0x00000010   Zero   RW         3665    .bss                socket.o
    0x20002274        -       0x00001014   Zero   RW         4214    .bss                httpserver.o
    0x20003288        -       0x00006dd4   Zero   RW         4275    .bss                main.o
    0x2000a05c   COMPRESSED   0x00000004   PAD
    0x2000a060        -       0x00000800   Zero   RW            1    STACK               startup_stm32f40xx.o


==============================================================================

Image component sizes


      Code (inc. data)   RO Data    RW Data    ZI Data      Debug   Object Name

       292         28        276          0          0       2518   adc.o
       978         40          0          0          0      13758   at24c02.o
      2208        106         32         11          0      13390   cmd.o
       284         36          0         60          0       3237   cs5340.o
       260         22          0          4          0       2785   delay.o
       376         76          0         20          0       2921   exti.o
       140          8          0          0          0       1232   gain.o
       920        582        700          0          0       2383   httpparser.o
      1400        170       1195         19       4116      10338   httpserver.o
       408         46          0          0          0      15324   iis.o
        44          0          0          0          0       1237   iwdg.o
      2814        334          0         49      28116      33132   main.o
       160         32          0          0          0       2625   misc.o
       696        140          0         92          0       7091   net_conf.o
      1462         46          0        100       8192      23831   signal_process.o
      1966         72          0         14         16       7437   socket.o
       516         42          0          0          0       3731   spi.o
        36          8        392          0       2048        932   startup_stm32f40xx.o
       160         40         80         44          0       6639   stm324x7i_eval.o
       394         24          0          0          0       7235   stm32f4xx_adc.o
       784         86          0          0          0       7691   stm32f4xx_dma.o
       184         16          0          0          0       2632   stm32f4xx_exti.o
       250          0          0          0          0       5027   stm32f4xx_gpio.o
        26          0          0          0          0       4790   stm32f4xx_it.o
        68         30          0          0          0       3210   stm32f4xx_iwdg.o
       496         68          0         16          0       9639   stm32f4xx_rcc.o
       734         36          0          0          0       6818   stm32f4xx_spi.o
        64          4          0          0          0        776   stm32f4xx_syscfg.o
       614         82          0          0          0       5343   stm32f4xx_tim.o
       404          8          0          0          0       5050   stm32f4xx_usart.o
       352         34          0          0          0     331097   system_stm32f4xx.o
       438         28          0          1          0       4140   tim.o
       720         52          0         36         80       4369   uart.o
       988         16          0          0          0       6652   w5500.o
       830         64          0         49          0      17447   wizchip_conf.o

    ----------------------------------------------------------------------
     22520       2376      86920        524      42572     576457   Object Totals
         0          0         32          0          0          0   (incl. Generated)
        54          0      84213          9          4          0   (incl. Padding)

    ----------------------------------------------------------------------

      Code (inc. data)   RO Data    RW Data    ZI Data      Debug   Library Member Name

       192          0          0          0          0        528   arm_bitreversal2.o
      1826          0          0          0          0       3577   arm_cfft_f32.o
      1244          4          0          0          0       2395   arm_cfft_radix8_f32.o
         0          0      78936          0          0       4636   arm_common_tables.o
       216          0          0          0          0       1286   arm_max_f32.o
       402          0          0          0          0      18632   arm_rfft_fast_f32.o
       296         98          0          0          0       1137   arm_rfft_fast_init_f32.o
        56         12          0          0          0        132   atof.o
        20          0          0          0          0        124   fabs.o
        58          0          0          0          0        136   sqrtf_full.o
        86          0          0          0          0          0   __dczerorl2.o
        64          0          0          0          0         84   _sgetc.o
        40          6         64          0          0         68   ctype_c.o
         0          0          0          0          0          0   entry.o
         0          0          0          0          0          0   entry10a.o
         0          0          0          0          0          0   entry11a.o
         8          4          0          0          0          0   entry2.o
         4          0          0          0          0          0   entry5.o
         0          0          0          0          0          0   entry7b.o
         0          0          0          0          0          0   entry8b.o
         8          4          0          0          0          0   entry9a.o
        24         12          0          4          0        136   errno.o
        30          0          0          0          0          0   handlers.o
        36          8          0          0          0         68   init.o
        10          0          0          0          0         68   isspace_c.o
         0          0          0          0          0          0   iusefp.o
        30          0          0          0          0         68   llshl.o
        32          0          0          0          0         68   llushr.o
        36          0          0          0          0         68   memcpya.o
        36          0          0          0          0        108   memseta.o
      1172         50          0          0          0        420   printf8.o
       878         12          0          0          0        216   scanf_fp.o
        24          0          0          0          0         68   strcat.o
        20          0          0          0          0         68   strchr.o
        28          0          0          0          0         76   strcmp.o
        18          0          0          0          0         68   strcpy.o
        14          0          0          0          0         68   strlen.o
        30          0          0          0          0         80   strncmp.o
        24          0          0          0          0         76   strncpy.o
        36          0          0          0          0         80   strstr.o
       156         12          0          0          0        120   strtod.o
        68          6          0          4          0         80   strtok.o
        98          0          0          0          0         92   uldiv.o
        56          0          0          0          0         88   d2f.o
       222          0          0          0          0        100   ddiv.o
       186          0          0          0          0        176   depilogue.o
        24          0          0          0          0         76   dfltul.o
       228          0          0          0          0         96   dmul.o
        38          0          0          0          0         68   f2d.o
       110          0          0          0          0        168   fepilogue.o

    ----------------------------------------------------------------------
      8200        232      79000          8          0      35603   Library Totals
        16          4          0          0          0          0   (incl. Padding)

    ----------------------------------------------------------------------

      Code (inc. data)   RO Data    RW Data    ZI Data      Debug   Library Name

      4176        102      78936          0          0      32191   arm_cortexM4lf_math.lib
       134         12          0          0          0        392   m_wm.l
      3010        114         64          8          0       2248   mc_w.l
       864          0          0          0          0        772   mf_w.l

    ----------------------------------------------------------------------
      8200        232      79000          8          0      35603   Library Totals

    ----------------------------------------------------------------------

==============================================================================


      Code (inc. data)   RO Data    RW Data    ZI Data      Debug   

     30720       2608     165920        532      42572     590632   Grand Totals
     30720       2608     165920        232      42572     590632   ELF Image Totals (compressed)
     30720       2608     165920        232          0          0   ROM Totals

==============================================================================

    Total RO  Size (Code + RO Data)               196640 ( 192.03kB)
    Total RW  Size (RW Data + ZI Data)             43104 (  42.09kB)
    Total ROM Size (Code + RO Data + RW Data)     196872 ( 192.26kB)

==============================================================================

